Component: ARM Compiler 5.06 update 7 (build 960) Tool: armlink [4d3601]

==============================================================================

Section Cross References

    main.o(i.SystemClock_Config) refers to memseta.o(.text) for __aeabi_memclr4
    main.o(i.SystemClock_Config) refers to stm32f1xx_hal_rcc.o(i.HAL_RCC_OscConfig) for HAL_RCC_OscConfig
    main.o(i.SystemClock_Config) refers to stm32f1xx_hal_rcc.o(i.HAL_RCC_ClockConfig) for HAL_RCC_ClockConfig
    main.o(i.main) refers to stm32f1xx_hal.o(i.HAL_Init) for HAL_Init
    main.o(i.main) refers to main.o(i.SystemClock_Config) for SystemClock_Config
    main.o(i.main) refers to key.o(i.Key_Init) for Key_Init
    main.o(i.main) refers to led.o(i.LED_Init) for LED_Init
    main.o(i.main) refers to oled.o(i.OLED_Init) for OLED_Init
    main.o(i.main) refers to usart.o(i.MX_USART1_UART_Init) for MX_USART1_UART_Init
    main.o(i.main) refers to oled.o(i.OLED_ShowString) for OLED_ShowString
    main.o(i.main) refers to mytask.o(i.freertos_start) for freertos_start
    stm32f1xx_it.o(i.SysTick_Handler) refers to tasks.o(i.xTaskGetSchedulerState) for xTaskGetSchedulerState
    stm32f1xx_it.o(i.SysTick_Handler) refers to port.o(i.xPortSysTickHandler) for xPortSysTickHandler
    system_stm32f1xx.o(i.SystemCoreClockUpdate) refers to system_stm32f1xx.o(.data) for SystemCoreClock
    system_stm32f1xx.o(i.SystemCoreClockUpdate) refers to system_stm32f1xx.o(.constdata) for AHBPrescTable
    mytask.o(i.Key) refers to key.o(i.Key_return) for Key_return
    mytask.o(i.Key) refers to printf3.o(i.__0printf$3) for __2printf
    mytask.o(i.Key) refers to tasks.o(i.vTaskSuspend) for vTaskSuspend
    mytask.o(i.Key) refers to tasks.o(i.vTaskResume) for vTaskResume
    mytask.o(i.Key) refers to tasks.o(i.vTaskList) for vTaskList
    mytask.o(i.Key) refers to tasks.o(i.vTaskDelay) for vTaskDelay
    mytask.o(i.Key) refers to mytask.o(.data) for LED1_Toggle_Task_handle
    mytask.o(i.Key) refers to mytask.o(.bss) for pcWriteBuffer
    mytask.o(i.LED0_Toggle_Task) refers to led.o(i.LED0_Toggle) for LED0_Toggle
    mytask.o(i.LED0_Toggle_Task) refers to tasks.o(i.vTaskDelay) for vTaskDelay
    mytask.o(i.LED1_Toggle_Task) refers to led.o(i.LED1_Toggle) for LED1_Toggle
    mytask.o(i.LED1_Toggle_Task) refers to tasks.o(i.vTaskDelay) for vTaskDelay
    mytask.o(i.freertos_start) refers to tasks.o(i.xTaskCreateStatic) for xTaskCreateStatic
    mytask.o(i.freertos_start) refers to tasks.o(i.vTaskStartScheduler) for vTaskStartScheduler
    mytask.o(i.freertos_start) refers to mytask.o(.bss) for LED0_Toggle_Task_tcb
    mytask.o(i.freertos_start) refers to mytask.o(i.LED0_Toggle_Task) for LED0_Toggle_Task
    mytask.o(i.freertos_start) refers to mytask.o(.data) for LED0_Toggle_Task_handle
    mytask.o(i.freertos_start) refers to mytask.o(i.LED1_Toggle_Task) for LED1_Toggle_Task
    mytask.o(i.freertos_start) refers to mytask.o(i.Key) for Key
    mytask.o(i.vApplicationGetIdleTaskMemory) refers to mytask.o(.bss) for idle_task_tcb
    mytask.o(i.vApplicationGetTimerTaskMemory) refers to mytask.o(.bss) for timer_task_tcb
    usart.o(i.HAL_UART_MspDeInit) refers to stm32f1xx_hal_gpio.o(i.HAL_GPIO_DeInit) for HAL_GPIO_DeInit
    usart.o(i.HAL_UART_MspDeInit) refers to stm32f1xx_hal_cortex.o(i.HAL_NVIC_DisableIRQ) for HAL_NVIC_DisableIRQ
    usart.o(i.HAL_UART_MspInit) refers to stm32f1xx_hal_gpio.o(i.HAL_GPIO_Init) for HAL_GPIO_Init
    usart.o(i.HAL_UART_MspInit) refers to stm32f1xx_hal_cortex.o(i.HAL_NVIC_SetPriority) for HAL_NVIC_SetPriority
    usart.o(i.HAL_UART_MspInit) refers to stm32f1xx_hal_cortex.o(i.HAL_NVIC_EnableIRQ) for HAL_NVIC_EnableIRQ
    usart.o(i.MX_USART1_UART_Init) refers to stm32f1xx_hal_uart.o(i.HAL_UART_Init) for HAL_UART_Init
    usart.o(i.MX_USART1_UART_Init) refers to usart.o(i.Error_Handler) for Error_Handler
    usart.o(i.MX_USART1_UART_Init) refers to usart.o(.bss) for huart1
    usart.o(i.fputc) refers to stm32f1xx_hal_uart.o(i.HAL_UART_Transmit) for HAL_UART_Transmit
    usart.o(i.fputc) refers to usart.o(.bss) for huart1
    startup_stm32f103xe.o(RESET) refers to startup_stm32f103xe.o(STACK) for __initial_sp
    startup_stm32f103xe.o(RESET) refers to startup_stm32f103xe.o(.text) for Reset_Handler
    startup_stm32f103xe.o(RESET) refers to stm32f1xx_it.o(i.NMI_Handler) for NMI_Handler
    startup_stm32f103xe.o(RESET) refers to stm32f1xx_it.o(i.HardFault_Handler) for HardFault_Handler
    startup_stm32f103xe.o(RESET) refers to stm32f1xx_it.o(i.MemManage_Handler) for MemManage_Handler
    startup_stm32f103xe.o(RESET) refers to stm32f1xx_it.o(i.BusFault_Handler) for BusFault_Handler
    startup_stm32f103xe.o(RESET) refers to stm32f1xx_it.o(i.UsageFault_Handler) for UsageFault_Handler
    startup_stm32f103xe.o(RESET) refers to port.o(.emb_text) for SVC_Handler
    startup_stm32f103xe.o(RESET) refers to stm32f1xx_it.o(i.DebugMon_Handler) for DebugMon_Handler
[...]
    ../clib/microlib/printf/printf.c         0x00000000   Number         0  printf5.o ABSOLUTE
    ../clib/microlib/printf/stubs.s          0x00000000   Number         0  stubs.o ABSOLUTE
    ../clib/microlib/stdio/streams.c         0x00000000   Number         0  stdout.o ABSOLUTE
    ../clib/microlib/string/memcpy.c         0x00000000   Number         0  memcpya.o ABSOLUTE
    ../clib/microlib/string/memcpy.c         0x00000000   Number         0  memcpyb.o ABSOLUTE
    ../clib/microlib/string/memset.c         0x00000000   Number         0  memseta.o ABSOLUTE
    ../clib/microlib/string/strcpy.c         0x00000000   Number         0  strcpy.o ABSOLUTE
    ../clib/microlib/string/strlen.c         0x00000000   Number         0  strlen.o ABSOLUTE
    ../clib/microlib/stubs.s                 0x00000000   Number         0  iusefp.o ABSOLUTE
    ../fplib/microlib/fpadd.c                0x00000000   Number         0  dadd.o ABSOLUTE
    ../fplib/microlib/fpdiv.c                0x00000000   Number         0  ddiv.o ABSOLUTE
    ../fplib/microlib/fpepilogue.c           0x00000000   Number         0  depilogue.o ABSOLUTE
    ../fplib/microlib/fpfix.c                0x00000000   Number         0  dfixul.o ABSOLUTE
    ../fplib/microlib/fpmul.c                0x00000000   Number         0  dmul.o ABSOLUTE
    ..\Core\Src\MyTask.c                     0x00000000   Number         0  mytask.o ABSOLUTE
    ..\Core\Src\main.c                       0x00000000   Number         0  main.o ABSOLUTE
    ..\Core\Src\stm32f1xx_hal_msp.c          0x00000000   Number         0  stm32f1xx_hal_msp.o ABSOLUTE
    ..\Core\Src\stm32f1xx_it.c               0x00000000   Number         0  stm32f1xx_it.o ABSOLUTE
    ..\Core\Src\system_stm32f1xx.c           0x00000000   Number         0  system_stm32f1xx.o ABSOLUTE
    ..\Core\Src\usart.c                      0x00000000   Number         0  usart.o ABSOLUTE
    ..\Core\startup_stm32f103xe.s            0x00000000   Number         0  startup_stm32f103xe.o ABSOLUTE
    ..\FreeRTOS\portable\MemMang\heap_4.c    0x00000000   Number         0  heap_4.o ABSOLUTE
    ..\FreeRTOS\portable\RVDS\ARM_CM3\port.c 0x00000000   Number         0  port.o ABSOLUTE
    ..\FreeRTOS\source\croutine.c            0x00000000   Number         0  croutine.o ABSOLUTE
    ..\FreeRTOS\source\event_groups.c        0x00000000   Number         0  event_groups.o ABSOLUTE
    ..\FreeRTOS\source\list.c                0x00000000   Number         0  list.o ABSOLUTE
    ..\FreeRTOS\source\queue.c               0x00000000   Number         0  queue.o ABSOLUTE
    ..\FreeRTOS\source\stream_buffer.c       0x00000000   Number         0  stream_buffer.o ABSOLUTE
    ..\FreeRTOS\source\tasks.c               0x00000000   Number         0  tasks.o ABSOLUTE
    ..\FreeRTOS\source\timers.c              0x00000000   Number         0  timers.o ABSOLUTE
    ..\Hardware\Src\LED.c                    0x00000000   Number         0  led.o ABSOLUTE
    ..\Hardware\Src\OLED.c                   0x00000000   Number         0  oled.o ABSOLUTE
    ..\Hardware\Src\key.c                    0x00000000   Number         0  key.o ABSOLUTE
    ..\STM32F1xx_HAL_Driver\Src\stm32f1xx_hal.c 0x00000000   Number         0  stm32f1xx_hal.o ABSOLUTE
    ..\STM32F1xx_HAL_Driver\Src\stm32f1xx_hal_adc.c 0x00000000   Number         0  stm32f1xx_hal_adc.o ABSOLUTE
    ..\STM32F1xx_HAL_Driver\Src\stm32f1xx_hal_adc_ex.c 0x00000000   Number         0  stm32f1xx_hal_adc_ex.o ABSOLUTE
    ..\STM32F1xx_HAL_Driver\Src\stm32f1xx_hal_can.c 0x00000000   Number         0  stm32f1xx_hal_can.o ABSOLUTE
    ..\STM32F1xx_HAL_Driver\Src\stm32f1xx_hal_cec.c 0x00000000   Number         0  stm32f1xx_hal_cec.o ABSOLUTE
    ..\STM32F1xx_HAL_Driver\Src\stm32f1xx_hal_cortex.c 0x00000000   Number         0  stm32f1xx_hal_cortex.o ABSOLUTE
    ..\STM32F1xx_HAL_Driver\Src\stm32f1xx_hal_crc.c 0x00000000   Number         0  stm32f1xx_hal_crc.o ABSOLUTE
    ..\STM32F1xx_HAL_Driver\Src\stm32f1xx_hal_dac.c 0x00000000   Number         0  stm32f1xx_hal_dac.o ABSOLUTE
    ..\STM32F1xx_HAL_Driver\Src\stm32f1xx_hal_dac_ex.c 0x00000000   Number         0  stm32f1xx_hal_dac_ex.o ABSOLUTE
    ..\STM32F1xx_HAL_Driver\Src\stm32f1xx_hal_dma.c 0x00000000   Number         0  stm32f1xx_hal_dma.o ABSOLUTE
    ..\STM32F1xx_HAL_Driver\Src\stm32f1xx_hal_eth.c 0x00000000   Number         0  stm32f1xx_hal_eth.o ABSOLUTE
    ..\STM32F1xx_HAL_Driver\Src\stm32f1xx_hal_exti.c 0x00000000   Number         0  stm32f1xx_hal_exti.o ABSOLUTE
    ..\STM32F1xx_HAL_Driver\Src\stm32f1xx_hal_flash.c 0x00000000   Number         0  stm32f1xx_hal_flash.o ABSOLUTE
    ..\STM32F1xx_HAL_Driver\Src\stm32f1xx_hal_flash_ex.c 0x00000000   Number         0  stm32f1xx_hal_flash_ex.o ABSOLUTE
    ..\STM32F1xx_HAL_Driver\Src\stm32f1xx_hal_gpio.c 0x00000000   Number         0  stm32f1xx_hal_gpio.o ABSOLUTE
    ..\STM32F1xx_HAL_Driver\Src\stm32f1xx_hal_gpio_ex.c 0x00000000   Number         0  stm32f1xx_hal_gpio_ex.o ABSOLUTE
    ..\STM32F1xx_HAL_Driver\Src\stm32f1xx_hal_hcd.c 0x00000000   Number         0  stm32f1xx_hal_hcd.o ABSOLUTE
    ..\STM32F1xx_HAL_Driver\Src\stm32f1xx_hal_i2c.c 0x00000000   Number         0  stm32f1xx_hal_i2c.o ABSOLUTE
    ..\STM32F1xx_HAL_Driver\Src\stm32f1xx_hal_i2s.c 0x00000000   Number         0  stm32f1xx_hal_i2s.o ABSOLUTE
    ..\STM32F1xx_HAL_Driver\Src\stm32f1xx_hal_irda.c 0x00000000   Number         0  stm32f1xx_hal_irda.o ABSOLUTE
    ..\STM32F1xx_HAL_Driver\Src\stm32f1xx_hal_iwdg.c 0x00000000   Number         0  stm32f1xx_hal_iwdg.o ABSOLUTE
    ..\STM32F1xx_HAL_Driver\Src\stm32f1xx_hal_mmc.c 0x00000000   Number         0  stm32f1xx_hal_mmc.o ABSOLUTE
    ..\STM32F1xx_HAL_Driver\Src\stm32f1xx_hal_nand.c 0x00000000   Number         0  stm32f1xx_hal_nand.o ABSOLUTE
    ..\STM32F1xx_HAL_Driver\Src\stm32f1xx_hal_nor.c 0x00000000   Number         0  stm32f1xx_hal_nor.o ABSOLUTE
    ..\STM32F1xx_HAL_Driver\Src\stm32f1xx_hal_pccard.c 0x00000000   Number         0  stm32f1xx_hal_pccard.o ABSOLUTE
    ..\STM32F1xx_HAL_Driver\Src\stm32f1xx_hal_pcd.c 0x00000000   Number         0  stm32f1xx_hal_pcd.o ABSOLUTE
    ..\STM32F1xx_HAL_Driver\Src\stm32f1xx_hal_pcd_ex.c 0x00000000   Number         0  stm32f1xx_hal_pcd_ex.o ABSOLUTE
    ..\STM32F1xx_HAL_Driver\Src\stm32f1xx_hal_pwr.c 0x00000000   Number         0  stm32f1xx_hal_pwr.o ABSOLUTE
    ..\STM32F1xx_HAL_Driver\Src\stm32f1xx_hal_rcc.c 0x00000000   Number         0  stm32f1xx_hal_rcc.o ABSOLUTE
    ..\STM32F1xx_HAL_Driver\Src\stm32f1xx_hal_rcc_ex.c 0x00000000   Number         0  stm32f1xx_hal_rcc_ex.o ABSOLUTE
    ..\STM32F1xx_HAL_Driver\Src\stm32f1xx_hal_rtc.c 0x00000000   Number         0  stm32f1xx_hal_rtc.o ABSOLUTE
    ..\STM32F1xx_HAL_Driver\Src\stm32f1xx_hal_rtc_ex.c 0x00000000   Number         0  stm32f1xx_hal_rtc_ex.o ABSOLUTE
    ..\STM32F1xx_HAL_Driver\Src\stm32f1xx_hal_sd.c 0x00000000   Number         0  stm32f1xx_hal_sd.o ABSOLUTE
    ..\STM32F1xx_HAL_Driver\Src\stm32f1xx_hal_smartcard.c 0x00000000   Number         0  stm32f1xx_hal_smartcard.o ABSOLUTE
    ..\STM32F1xx_HAL_Driver\Src\stm32f1xx_hal_spi.c 0x00000000   Number         0  stm32f1xx_hal_spi.o ABSOLUTE
    ..\STM32F1xx_HAL_Driver\Src\stm32f1xx_hal_sram.c 0x00000000   Number         0  stm32f1xx_hal_sram.o ABSOLUTE
    ..\STM32F1xx_HAL_Driver\Src\stm32f1xx_hal_tim.c 0x00000000   Number         0  stm32f1xx_hal_tim.o ABSOLUTE
    ..\STM32F1xx_HAL_Driver\Src\stm32f1xx_hal_tim_ex.c 0x00000000   Number         0  stm32f1xx_hal_tim_ex.o ABSOLUTE
    ..\STM32F1xx_HAL_Driver\Src\stm32f1xx_hal_uart.c 0x00000000   Number         0  stm32f1xx_hal_uart.o ABSOLUTE
    ..\STM32F1xx_HAL_Driver\Src\stm32f1xx_hal_usart.c 0x00000000   Number         0  stm32f1xx_hal_usart.o ABSOLUTE
    ..\STM32F1xx_HAL_Driver\Src\stm32f1xx_hal_wwdg.c 0x00000000   Number         0  stm32f1xx_hal_wwdg.o ABSOLUTE
    ..\STM32F1xx_HAL_Driver\Src\stm32f1xx_ll_adc.c 0x00000000   Number         0  stm32f1xx_ll_adc.o ABSOLUTE
    ..\STM32F1xx_HAL_Driver\Src\stm32f1xx_ll_crc.c 0x00000000   Number         0  stm32f1xx_ll_crc.o ABSOLUTE
    ..\STM32F1xx_HAL_Driver\Src\stm32f1xx_ll_dac.c 0x00000000   Number         0  stm32f1xx_ll_dac.o ABSOLUTE
    ..\STM32F1xx_HAL_Driver\Src\stm32f1xx_ll_dma.c 0x00000000   Number         0  stm32f1xx_ll_dma.o ABSOLUTE
    ..\STM32F1xx_HAL_Driver\Src\stm32f1xx_ll_exti.c 0x00000000   Number         0  stm32f1xx_ll_exti.o ABSOLUTE
    ..\STM32F1xx_HAL_Driver\Src\stm32f1xx_ll_fsmc.c 0x00000000   Number         0  stm32f1xx_ll_fsmc.o ABSOLUTE
    ..\STM32F1xx_HAL_Driver\Src\stm32f1xx_ll_gpio.c 0x00000000   Number         0  stm32f1xx_ll_gpio.o ABSOLUTE
    ..\STM32F1xx_HAL_Driver\Src\stm32f1xx_ll_i2c.c 0x00000000   Number         0  stm32f1xx_ll_i2c.o ABSOLUTE
    ..\STM32F1xx_HAL_Driver\Src\stm32f1xx_ll_pwr.c 0x00000000   Number         0  stm32f1xx_ll_pwr.o ABSOLUTE
    ..\STM32F1xx_HAL_Driver\Src\stm32f1xx_ll_rcc.c 0x00000000   Number         0  stm32f1xx_ll_rcc.o ABSOLUTE
    ..\STM32F1xx_HAL_Driver\Src\stm32f1xx_ll_rtc.c 0x00000000   Number         0  stm32f1xx_ll_rtc.o ABSOLUTE
    ..\STM32F1xx_HAL_Driver\Src\stm32f1xx_ll_sdmmc.c 0x00000000   Number         0  stm32f1xx_ll_sdmmc.o ABSOLUTE
    ..\STM32F1xx_HAL_Driver\Src\stm32f1xx_ll_spi.c 0x00000000   Number         0  stm32f1xx_ll_spi.o ABSOLUTE
    ..\STM32F1xx_HAL_Driver\Src\stm32f1xx_ll_tim.c 0x00000000   Number         0  stm32f1xx_ll_tim.o ABSOLUTE
    ..\STM32F1xx_HAL_Driver\Src\stm32f1xx_ll_usart.c 0x00000000   Number         0  stm32f1xx_ll_usart.o ABSOLUTE
    ..\STM32F1xx_HAL_Driver\Src\stm32f1xx_ll_usb.c 0x00000000   Number         0  stm32f1xx_ll_usb.o ABSOLUTE
    ..\STM32F1xx_HAL_Driver\Src\stm32f1xx_ll_utils.c 0x00000000   Number         0  stm32f1xx_ll_utils.o ABSOLUTE
    ..\\Core\\Src\\MyTask.c                  0x00000000   Number         0  mytask.o ABSOLUTE
    ..\\Core\\Src\\main.c                    0x00000000   Number         0  main.o ABSOLUTE
    ..\\Core\\Src\\stm32f1xx_hal_msp.c       0x00000000   Number         0  stm32f1xx_hal_msp.o ABSOLUTE
    ..\\Core\\Src\\stm32f1xx_it.c            0x00000000   Number         0  stm32f1xx_it.o ABSOLUTE
    ..\\Core\\Src\\system_stm32f1xx.c        0x00000000   Number         0  system_stm32f1xx.o ABSOLUTE
    ..\\Core\\Src\\usart.c                   0x00000000   Number         0  usart.o ABSOLUTE
    ..\\FreeRTOS\\portable\\RVDS\\ARM_CM3\\port.c 0x00000000   Number         0  port.o ABSOLUTE
    ..\\Hardware\\Src\\LED.c                 0x00000000   Number         0  led.o ABSOLUTE
    ..\\Hardware\\Src\\OLED.c                0x00000000   Number         0  oled.o ABSOLUTE
    ..\\Hardware\\Src\\key.c                 0x00000000   Number         0  key.o ABSOLUTE
    ..\\STM32F1xx_HAL_Driver\\Src\\stm32f1xx_hal.c 0x00000000   Number         0  stm32f1xx_hal.o ABSOLUTE
    ..\\STM32F1xx_HAL_Driver\\Src\\stm32f1xx_hal_adc.c 0x00000000   Number         0  stm32f1xx_hal_adc.o ABSOLUTE
    ..\\STM32F1xx_HAL_Driver\\Src\\stm32f1xx_hal_adc_ex.c 0x00000000   Number         0  stm32f1xx_hal_adc_ex.o ABSOLUTE
    ..\\STM32F1xx_HAL_Driver\\Src\\stm32f1xx_hal_can.c 0x00000000   Number         0  stm32f1xx_hal_can.o ABSOLUTE
    ..\\STM32F1xx_HAL_Driver\\Src\\stm32f1xx_hal_cec.c 0x00000000   Number         0  stm32f1xx_hal_cec.o ABSOLUTE
    ..\\STM32F1xx_HAL_Driver\\Src\\stm32f1xx_hal_cortex.c 0x00000000   Number         0  stm32f1xx_hal_cortex.o ABSOLUTE
    ..\\STM32F1xx_HAL_Driver\\Src\\stm32f1xx_hal_crc.c 0x00000000   Number         0  stm32f1xx_hal_crc.o ABSOLUTE
    ..\\STM32F1xx_HAL_Driver\\Src\\stm32f1xx_hal_dac.c 0x00000000   Number         0  stm32f1xx_hal_dac.o ABSOLUTE
    ..\\STM32F1xx_HAL_Driver\\Src\\stm32f1xx_hal_dac_ex.c 0x00000000   Number         0  stm32f1xx_hal_dac_ex.o ABSOLUTE
    ..\\STM32F1xx_HAL_Driver\\Src\\stm32f1xx_hal_dma.c 0x00000000   Number         0  stm32f1xx_hal_dma.o ABSOLUTE
    ..\\STM32F1xx_HAL_Driver\\Src\\stm32f1xx_hal_eth.c 0x00000000   Number         0  stm32f1xx_hal_eth.o ABSOLUTE
    ..\\STM32F1xx_HAL_Driver\\Src\\stm32f1xx_hal_exti.c 0x00000000   Number         0  stm32f1xx_hal_exti.o ABSOLUTE
    ..\\STM32F1xx_HAL_Driver\\Src\\stm32f1xx_hal_flash.c 0x00000000   Number         0  stm32f1xx_hal_flash.o ABSOLUTE
    ..\\STM32F1xx_HAL_Driver\\Src\\stm32f1xx_hal_flash_ex.c 0x00000000   Number         0  stm32f1xx_hal_flash_ex.o ABSOLUTE
    ..\\STM32F1xx_HAL_Driver\\Src\\stm32f1xx_hal_gpio.c 0x00000000   Number         0  stm32f1xx_hal_gpio.o ABSOLUTE
    ..\\STM32F1xx_HAL_Driver\\Src\\stm32f1xx_hal_gpio_ex.c 0x00000000   Number         0  stm32f1xx_hal_gpio_ex.o ABSOLUTE
    ..\\STM32F1xx_HAL_Driver\\Src\\stm32f1xx_hal_hcd.c 0x00000000   Number         0  stm32f1xx_hal_hcd.o ABSOLUTE
    ..\\STM32F1xx_HAL_Driver\\Src\\stm32f1xx_hal_i2c.c 0x00000000   Number         0  stm32f1xx_hal_i2c.o ABSOLUTE
    ..\\STM32F1xx_HAL_Driver\\Src\\stm32f1xx_hal_i2s.c 0x00000000   Number         0  stm32f1xx_hal_i2s.o ABSOLUTE
    ..\\STM32F1xx_HAL_Driver\\Src\\stm32f1xx_hal_irda.c 0x00000000   Number         0  stm32f1xx_hal_irda.o ABSOLUTE
    ..\\STM32F1xx_HAL_Driver\\Src\\stm32f1xx_hal_iwdg.c 0x00000000   Number         0  stm32f1xx_hal_iwdg.o ABSOLUTE
    ..\\STM32F1xx_HAL_Driver\\Src\\stm32f1xx_hal_mmc.c 0x00000000   Number         0  stm32f1xx_hal_mmc.o ABSOLUTE
    ..\\STM32F1xx_HAL_Driver\\Src\\stm32f1xx_hal_nand.c 0x00000000   Number         0  stm32f1xx_hal_nand.o ABSOLUTE
    ..\\STM32F1xx_HAL_Driver\\Src\\stm32f1xx_hal_nor.c 0x00000000   Number         0  stm32f1xx_hal_nor.o ABSOLUTE
    ..\\STM32F1xx_HAL_Driver\\Src\\stm32f1xx_hal_pccard.c 0x00000000   Number         0  stm32f1xx_hal_pccard.o ABSOLUTE
    ..\\STM32F1xx_HAL_Driver\\Src\\stm32f1xx_hal_pcd.c 0x00000000   Number         0  stm32f1xx_hal_pcd.o ABSOLUTE
    ..\\STM32F1xx_HAL_Driver\\Src\\stm32f1xx_hal_pcd_ex.c 0x00000000   Number         0  stm32f1xx_hal_pcd_ex.o ABSOLUTE
    ..\\STM32F1xx_HAL_Driver\\Src\\stm32f1xx_hal_pwr.c 0x00000000   Number         0  stm32f1xx_hal_pwr.o ABSOLUTE
    ..\\STM32F1xx_HAL_Driver\\Src\\stm32f1xx_hal_rcc.c 0x00000000   Number         0  stm32f1xx_hal_rcc.o ABSOLUTE
    ..\\STM32F1xx_HAL_Driver\\Src\\stm32f1xx_hal_rcc_ex.c 0x00000000   Number         0  stm32f1xx_hal_rcc_ex.o ABSOLUTE
    ..\\STM32F1xx_HAL_Driver\\Src\\stm32f1xx_hal_rtc.c 0x00000000   Number         0  stm32f1xx_hal_rtc.o ABSOLUTE
    ..\\STM32F1xx_HAL_Driver\\Src\\stm32f1xx_hal_rtc_ex.c 0x00000000   Number         0  stm32f1xx_hal_rtc_ex.o ABSOLUTE
    ..\\STM32F1xx_HAL_Driver\\Src\\stm32f1xx_hal_sd.c 0x00000000   Number         0  stm32f1xx_hal_sd.o ABSOLUTE
    ..\\STM32F1xx_HAL_Driver\\Src\\stm32f1xx_hal_smartcard.c 0x00000000   Number         0  stm32f1xx_hal_smartcard.o ABSOLUTE
    ..\\STM32F1xx_HAL_Driver\\Src\\stm32f1xx_hal_spi.c 0x00000000   Number         0  stm32f1xx_hal_spi.o ABSOLUTE
    ..\\STM32F1xx_HAL_Driver\\Src\\stm32f1xx_hal_sram.c 0x00000000   Number         0  stm32f1xx_hal_sram.o ABSOLUTE
    ..\\STM32F1xx_HAL_Driver\\Src\\stm32f1xx_hal_tim.c 0x00000000   Number         0  stm32f1xx_hal_tim.o ABSOLUTE
    ..\\STM32F1xx_HAL_Driver\\Src\\stm32f1xx_hal_tim_ex.c 0x00000000   Number         0  stm32f1xx_hal_tim_ex.o ABSOLUTE
    ..\\STM32F1xx_HAL_Driver\\Src\\stm32f1xx_hal_uart.c 0x00000000   Number         0  stm32f1xx_hal_uart.o ABSOLUTE
    ..\\STM32F1xx_HAL_Driver\\Src\\stm32f1xx_hal_usart.c 0x00000000   Number         0  stm32f1xx_hal_usart.o ABSOLUTE
    ..\\STM32F1xx_HAL_Driver\\Src\\stm32f1xx_hal_wwdg.c 0x00000000   Number         0  stm32f1xx_hal_wwdg.o ABSOLUTE
    ..\\STM32F1xx_HAL_Driver\\Src\\stm32f1xx_ll_fsmc.c 0x00000000   Number         0  stm32f1xx_ll_fsmc.o ABSOLUTE
    ..\\STM32F1xx_HAL_Driver\\Src\\stm32f1xx_ll_sdmmc.c 0x00000000   Number         0  stm32f1xx_ll_sdmmc.o ABSOLUTE
    ..\\STM32F1xx_HAL_Driver\\Src\\stm32f1xx_ll_usb.c 0x00000000   Number         0  stm32f1xx_ll_usb.o ABSOLUTE
    ..\\STM32F1xx_HAL_Driver\\Src\\stm32f1xx_ll_utils.c 0x00000000   Number         0  stm32f1xx_ll_utils.o ABSOLUTE
    cdrcmple.s                               0x00000000   Number         0  cdrcmple.o ABSOLUTE
    dc.s                                     0x00000000   Number         0  dc.o ABSOLUTE
    handlers.s                               0x00000000   Number         0  handlers.o ABSOLUTE
    init.s                                   0x00000000   Number         0  init.o ABSOLUTE
    RESET                                    0x08000000   Section      304  startup_stm32f103xe.o(RESET)
    .ARM.Collect$$$$00000000                 0x08000130   Section        0  entry.o(.ARM.Collect$$$$00000000)
    .ARM.Collect$$$$00000001                 0x08000130   Section        4  entry2.o(.ARM.Collect$$$$00000001)
    .ARM.Collect$$$$00000004                 0x08000134   Section        4  entry5.o(.ARM.Collect$$$$00000004)
    .ARM.Collect$$$$00000008                 0x08000138   Section        0  entry7b.o(.ARM.Collect$$$$00000008)
    .ARM.Collect$$$$0000000A                 0x08000138   Section        0  entry8b.o(.ARM.Collect$$$$0000000A)
    .ARM.Collect$$$$0000000B                 0x08000138   Section        8  entry9a.o(.ARM.Collect$$$$0000000B)
    .ARM.Collect$$$$0000000E                 0x08000140   Section        4  entry12b.o(.ARM.Collect$$$$0000000E)
    .ARM.Collect$$$$0000000F                 0x08000144   Section        0  entry10a.o(.ARM.Collect$$$$0000000F)
    .ARM.Collect$$$$00000011                 0x08000144   Section        0  entry11a.o(.ARM.Collect$$$$00000011)
    .ARM.Collect$$$$00002712                 0x08000144   Section        4  entry2.o(.ARM.Collect$$$$00002712)
    __lit__00000000                          0x08000144   Data           4  entry2.o(.ARM.Collect$$$$00002712)
    .emb_text                                0x08000148   Section      150  port.o(.emb_text)
    .text                                    0x080001e0   Section       36  startup_stm32f103xe.o(.text)
    .text                                    0x08000204   Section        0  memcpya.o(.text)
    .text                                    0x08000228   Section        0  memseta.o(.text)
    .text                                    0x0800024c   Section        0  strlen.o(.text)
    .text                                    0x0800025a   Section        0  strcpy.o(.text)
    .text                                    0x0800026c   Section        0  uidiv.o(.text)
    .text                                    0x08000298   Section       36  init.o(.text)
    i.BusFault_Handler                       0x080002bc   Section        0  stm32f1xx_it.o(i.BusFault_Handler)
    i.DebugMon_Handler                       0x080002c0   Section        0  stm32f1xx_it.o(i.DebugMon_Handler)
    i.Delay_1ms                              0x080002c2   Section        0  key.o(i.Delay_1ms)
    i.Delay_ms                               0x080002d8   Section        0  key.o(i.Delay_ms)
    i.Error_Handler                          0x080002ee   Section        0  usart.o(i.Error_Handler)
    i.HAL_GPIO_Init                          0x080002f4   Section        0  stm32f1xx_hal_gpio.o(i.HAL_GPIO_Init)
    i.HAL_GPIO_ReadPin                       0x08000634   Section        0  stm32f1xx_hal_gpio.o(i.HAL_GPIO_ReadPin)
    i.HAL_GPIO_WritePin                      0x08000644   Section        0  stm32f1xx_hal_gpio.o(i.HAL_GPIO_WritePin)
    i.HAL_GetTick                            0x08000650   Section        0  stm32f1xx_hal.o(i.HAL_GetTick)
    i.HAL_Init                               0x0800065c   Section        0  stm32f1xx_hal.o(i.HAL_Init)
    i.HAL_InitTick                           0x08000684   Section        0  stm32f1xx_hal.o(i.HAL_InitTick)
    i.HAL_MspInit                            0x080006d0   Section        0  stm32f1xx_hal_msp.o(i.HAL_MspInit)
    i.HAL_NVIC_EnableIRQ                     0x080006d2   Section        0  stm32f1xx_hal_cortex.o(i.HAL_NVIC_EnableIRQ)
    i.HAL_NVIC_SetPriority                   0x080006f2   Section        0  stm32f1xx_hal_cortex.o(i.HAL_NVIC_SetPriority)
    i.HAL_NVIC_SetPriorityGrouping           0x08000770   Section        0  stm32f1xx_hal_cortex.o(i.HAL_NVIC_SetPriorityGrouping)
    i.HAL_RCC_ClockConfig                    0x08000798   Section        0  stm32f1xx_hal_rcc.o(i.HAL_RCC_ClockConfig)
    i.HAL_RCC_GetHCLKFreq                    0x08000924   Section        0  stm32f1xx_hal_rcc.o(i.HAL_RCC_GetHCLKFreq)
    i.HAL_RCC_GetPCLK1Freq                   0x08000930   Section        0  stm32f1xx_hal_rcc.o(i.HAL_RCC_GetPCLK1Freq)
    i.HAL_RCC_GetPCLK2Freq                   0x08000950   Section        0  stm32f1xx_hal_rcc.o(i.HAL_RCC_GetPCLK2Freq)
    i.HAL_RCC_GetSysClockFreq                0x08000970   Section        0  stm32f1xx_hal_rcc.o(i.HAL_RCC_GetSysClockFreq)
    i.HAL_RCC_OscConfig                      0x08000a04   Section        0  stm32f1xx_hal_rcc.o(i.HAL_RCC_OscConfig)
    i.HAL_SYSTICK_Config                     0x08000e68   Section        0  stm32f1xx_hal_cortex.o(i.HAL_SYSTICK_Config)
    i.HAL_UART_Init                          0x08000e9c   Section        0  stm32f1xx_hal_uart.o(i.HAL_UART_Init)
    i.HAL_UART_MspInit                       0x08000f10   Section        0  usart.o(i.HAL_UART_MspInit)
    i.HAL_UART_Transmit                      0x08000fa8   Section        0  stm32f1xx_hal_uart.o(i.HAL_UART_Transmit)
    i.HardFault_Handler                      0x0800107e   Section        0  stm32f1xx_it.o(i.HardFault_Handler)
    i.Key                                    0x08001084   Section        0  mytask.o(i.Key)
    i.Key_Init                               0x08001118   Section        0  key.o(i.Key_Init)
    i.Key_return                             0x08001168   Section        0  key.o(i.Key_return)
    i.LED0_Toggle                            0x080011cc   Section        0  led.o(i.LED0_Toggle)
    i.LED0_Toggle_Task                       0x080011f4   Section        0  mytask.o(i.LED0_Toggle_Task)
    i.LED1_Toggle                            0x08001204   Section        0  led.o(i.LED1_Toggle)
    i.LED1_Toggle_Task                       0x0800122c   Section        0  mytask.o(i.LED1_Toggle_Task)
    i.LED_Init                               0x0800123c   Section        0  led.o(i.LED_Init)
    i.MX_USART1_UART_Init                    0x080012c4   Section        0  usart.o(i.MX_USART1_UART_Init)
    i.MemManage_Handler                      0x080012fc   Section        0  stm32f1xx_it.o(i.MemManage_Handler)
    i.NMI_Handler                            0x08001300   Section        0  stm32f1xx_it.o(i.NMI_Handler)
    i.OLED_Clear                             0x08001302   Section        0  oled.o(i.OLED_Clear)
    i.OLED_I2C_Init                          0x0800132c   Section        0  oled.o(i.OLED_I2C_Init)
    i.OLED_I2C_SendByte                      0x08001390   Section        0  oled.o(i.OLED_I2C_SendByte)
    i.OLED_I2C_Start                         0x080013e4   Section        0  oled.o(i.OLED_I2C_Start)
    i.OLED_I2C_Stop                          0x08001418   Section        0  oled.o(i.OLED_I2C_Stop)
    i.OLED_Init                              0x08001440   Section        0  oled.o(i.OLED_Init)
    i.OLED_SetCursor                         0x080014ee   Section        0  oled.o(i.OLED_SetCursor)
    i.OLED_ShowChar                          0x08001510   Section        0  oled.o(i.OLED_ShowChar)
    i.OLED_ShowString                        0x08001584   Section        0  oled.o(i.OLED_ShowString)
    i.OLED_WriteCommand                      0x080015ac   Section        0  oled.o(i.OLED_WriteCommand)
    i.OLED_WriteData                         0x080015cc   Section        0  oled.o(i.OLED_WriteData)
    i.RCC_Delay                              0x080015ec   Section        0  stm32f1xx_hal_rcc.o(i.RCC_Delay)
    RCC_Delay                                0x080015ed   Thumb Code    36  stm32f1xx_hal_rcc.o(i.RCC_Delay)
    i.SysTick_Handler                        0x08001614   Section        0  stm32f1xx_it.o(i.SysTick_Handler)
    i.SystemClock_Config                     0x08001624   Section        0  main.o(i.SystemClock_Config)
    i.SystemInit                             0x08001690   Section        0  system_stm32f1xx.o(i.SystemInit)
    i.UART_SetConfig                         0x080016e8   Section        0  stm32f1xx_hal_uart.o(i.UART_SetConfig)
    UART_SetConfig                           0x080016e9   Thumb Code   412  stm32f1xx_hal_uart.o(i.UART_SetConfig)
    i.UART_WaitOnFlagUntilTimeout            0x08001888   Section        0  stm32f1xx_hal_uart.o(i.UART_WaitOnFlagUntilTimeout)
    UART_WaitOnFlagUntilTimeout              0x08001889   Thumb Code   108  stm32f1xx_hal_uart.o(i.UART_WaitOnFlagUntilTimeout)
    i.UsageFault_Handler                     0x080018f4   Section        0  stm32f1xx_it.o(i.UsageFault_Handler)
    i.__0printf$3                            0x080018f8   Section        0  printf3.o(i.__0printf$3)
    i.__0sprintf$3                           0x08001918   Section        0  printf3.o(i.__0sprintf$3)
    i.__NVIC_GetPriorityGrouping             0x08001940   Section        0  stm32f1xx_hal_cortex.o(i.__NVIC_GetPriorityGrouping)
    __NVIC_GetPriorityGrouping               0x08001941   Thumb Code    10  stm32f1xx_hal_cortex.o(i.__NVIC_GetPriorityGrouping)
    i.__NVIC_SetPriority                     0x08001950   Section        0  stm32f1xx_hal_cortex.o(i.__NVIC_SetPriority)
    __NVIC_SetPriority                       0x08001951   Thumb Code    32  stm32f1xx_hal_cortex.o(i.__NVIC_SetPriority)
    i.__scatterload_copy                     0x08001978   Section       14  handlers.o(i.__scatterload_copy)
    i.__scatterload_null                     0x08001986   Section        2  handlers.o(i.__scatterload_null)
    i.__scatterload_zeroinit                 0x08001988   Section       14  handlers.o(i.__scatterload_zeroinit)
    i._printf_core                           0x08001998   Section        0  printf3.o(i._printf_core)
    _printf_core                             0x08001999   Thumb Code   436  printf3.o(i._printf_core)
    i._sputc                                 0x08001b50   Section        0  printf3.o(i._sputc)
    _sputc                                   0x08001b51   Thumb Code    10  printf3.o(i._sputc)
    i.eTaskGetState                          0x08001b5c   Section        0  tasks.o(i.eTaskGetState)
    i.fputc                                  0x08001be8   Section        0  usart.o(i.fputc)
    i.freertos_start                         0x08001c04   Section        0  mytask.o(i.freertos_start)
    i.main                                   0x08001cbc   Section        0  main.o(i.main)
    i.prvAddCurrentTaskToDelayedList         0x08001cf4   Section        0  tasks.o(i.prvAddCurrentTaskToDelayedList)
    prvAddCurrentTaskToDelayedList           0x08001cf5   Thumb Code   164  tasks.o(i.prvAddCurrentTaskToDelayedList)
    i.prvAddNewTaskToReadyList               0x08001db4   Section        0  tasks.o(i.prvAddNewTaskToReadyList)
    prvAddNewTaskToReadyList                 0x08001db5   Thumb Code   206  tasks.o(i.prvAddNewTaskToReadyList)
    i.prvCheckForValidListAndQueue           0x08001ea0   Section        0  timers.o(i.prvCheckForValidListAndQueue)
    prvCheckForValidListAndQueue             0x08001ea1   Thumb Code    62  timers.o(i.prvCheckForValidListAndQueue)
    i.prvCheckTasksWaitingTermination        0x08001efc   Section        0  tasks.o(i.prvCheckTasksWaitingTermination)
    prvCheckTasksWaitingTermination          0x08001efd   Thumb Code    60  tasks.o(i.prvCheckTasksWaitingTermination)
    i.prvCopyDataFromQueue                   0x08001f44   Section        0  queue.o(i.prvCopyDataFromQueue)
    prvCopyDataFromQueue                     0x08001f45   Thumb Code    42  queue.o(i.prvCopyDataFromQueue)
    i.prvDeleteTCB                           0x08001f6e   Section        0  tasks.o(i.prvDeleteTCB)
    prvDeleteTCB                             0x08001f6f   Thumb Code    40  tasks.o(i.prvDeleteTCB)
    i.prvGetNextExpireTime                   0x08001f98   Section        0  timers.o(i.prvGetNextExpireTime)
    prvGetNextExpireTime                     0x08001f99   Thumb Code    36  timers.o(i.prvGetNextExpireTime)
    i.prvHeapInit                            0x08001fc0   Section        0  heap_4.o(i.prvHeapInit)
    prvHeapInit                              0x08001fc1   Thumb Code    90  heap_4.o(i.prvHeapInit)
    i.prvIdleTask                            0x08002030   Section        0  tasks.o(i.prvIdleTask)
    prvIdleTask                              0x08002031   Thumb Code    32  tasks.o(i.prvIdleTask)
    i.prvInitialiseNewQueue                  0x08002058   Section        0  queue.o(i.prvInitialiseNewQueue)
    prvInitialiseNewQueue                    0x08002059   Thumb Code    42  queue.o(i.prvInitialiseNewQueue)
    i.prvInitialiseNewTask                   0x08002082   Section        0  tasks.o(i.prvInitialiseNewTask)
    prvInitialiseNewTask                     0x08002083   Thumb Code   136  tasks.o(i.prvInitialiseNewTask)
    i.prvInitialiseTaskLists                 0x0800210c   Section        0  tasks.o(i.prvInitialiseTaskLists)
    prvInitialiseTaskLists                   0x0800210d   Thumb Code    70  tasks.o(i.prvInitialiseTaskLists)
    i.prvInsertBlockIntoFreeList             0x08002174   Section        0  heap_4.o(i.prvInsertBlockIntoFreeList)
    prvInsertBlockIntoFreeList               0x08002175   Thumb Code    96  heap_4.o(i.prvInsertBlockIntoFreeList)
    i.prvInsertTimerInActiveList             0x080021dc   Section        0  timers.o(i.prvInsertTimerInActiveList)
    prvInsertTimerInActiveList               0x080021dd   Thumb Code    80  timers.o(i.prvInsertTimerInActiveList)
    i.prvIsQueueEmpty                        0x08002234   Section        0  queue.o(i.prvIsQueueEmpty)
    prvIsQueueEmpty                          0x08002235   Thumb Code    26  queue.o(i.prvIsQueueEmpty)
    i.prvListTasksWithinSingleList           0x0800224e   Section        0  tasks.o(i.prvListTasksWithinSingleList)
    prvListTasksWithinSingleList             0x0800224f   Thumb Code   106  tasks.o(i.prvListTasksWithinSingleList)
    i.prvProcessExpiredTimer                 0x080022b8   Section        0  timers.o(i.prvProcessExpiredTimer)
    prvProcessExpiredTimer                   0x080022b9   Thumb Code    62  timers.o(i.prvProcessExpiredTimer)
    i.prvProcessReceivedCommands             0x080022fc   Section        0  timers.o(i.prvProcessReceivedCommands)
    prvProcessReceivedCommands               0x080022fd   Thumb Code   244  timers.o(i.prvProcessReceivedCommands)
    i.prvProcessTimerOrBlockTask             0x080023f4   Section        0  timers.o(i.prvProcessTimerOrBlockTask)
    prvProcessTimerOrBlockTask               0x080023f5   Thumb Code   102  timers.o(i.prvProcessTimerOrBlockTask)
    i.prvReloadTimer                         0x08002468   Section        0  timers.o(i.prvReloadTimer)
    prvReloadTimer                           0x08002469   Thumb Code    40  timers.o(i.prvReloadTimer)
    i.prvResetNextTaskUnblockTime            0x08002490   Section        0  tasks.o(i.prvResetNextTaskUnblockTime)
    prvResetNextTaskUnblockTime              0x08002491   Thumb Code    40  tasks.o(i.prvResetNextTaskUnblockTime)
    i.prvSampleTimeNow                       0x080024c0   Section        0  timers.o(i.prvSampleTimeNow)
    prvSampleTimeNow                         0x080024c1   Thumb Code    40  timers.o(i.prvSampleTimeNow)
    i.prvSwitchTimerLists                    0x080024ec   Section        0  timers.o(i.prvSwitchTimerLists)
    prvSwitchTimerLists                      0x080024ed   Thumb Code    58  timers.o(i.prvSwitchTimerLists)
    i.prvTaskCheckFreeStackSpace             0x08002530   Section        0  tasks.o(i.prvTaskCheckFreeStackSpace)
    prvTaskCheckFreeStackSpace               0x08002531   Thumb Code    22  tasks.o(i.prvTaskCheckFreeStackSpace)
    i.prvTaskExitError                       0x08002546   Section        0  port.o(i.prvTaskExitError)
    prvTaskExitError                         0x08002547   Thumb Code    22  port.o(i.prvTaskExitError)
    i.prvTaskIsTaskSuspended                 0x0800255c   Section        0  tasks.o(i.prvTaskIsTaskSuspended)
    prvTaskIsTaskSuspended                   0x0800255d   Thumb Code    56  tasks.o(i.prvTaskIsTaskSuspended)
    i.prvTimerTask                           0x0800259c   Section        0  timers.o(i.prvTimerTask)
    prvTimerTask                             0x0800259d   Thumb Code    26  timers.o(i.prvTimerTask)
    i.prvUnlockQueue                         0x080025b6   Section        0  queue.o(i.prvUnlockQueue)
    prvUnlockQueue                           0x080025b7   Thumb Code   126  queue.o(i.prvUnlockQueue)
    i.prvWriteNameToBuffer                   0x08002634   Section        0  tasks.o(i.prvWriteNameToBuffer)
    prvWriteNameToBuffer                     0x08002635   Thumb Code    42  tasks.o(i.prvWriteNameToBuffer)
    i.pvPortMalloc                           0x08002660   Section        0  heap_4.o(i.pvPortMalloc)
    i.pxPortInitialiseStack                  0x08002744   Section        0  port.o(i.pxPortInitialiseStack)
    i.uxListRemove                           0x08002768   Section        0  list.o(i.uxListRemove)
    i.uxTaskGetSystemState                   0x08002790   Section        0  tasks.o(i.uxTaskGetSystemState)
    i.vApplicationGetIdleTaskMemory          0x08002840   Section        0  mytask.o(i.vApplicationGetIdleTaskMemory)
    i.vApplicationGetTimerTaskMemory         0x08002858   Section        0  mytask.o(i.vApplicationGetTimerTaskMemory)
    i.vListInitialise                        0x08002870   Section        0  list.o(i.vListInitialise)
    i.vListInitialiseItem                    0x0800288a   Section        0  list.o(i.vListInitialiseItem)
    i.vListInsert                            0x08002890   Section        0  list.o(i.vListInsert)
    i.vListInsertEnd                         0x080028c4   Section        0  list.o(i.vListInsertEnd)
    i.vPortEnterCritical                     0x080028dc   Section        0  port.o(i.vPortEnterCritical)
    i.vPortExitCritical                      0x08002900   Section        0  port.o(i.vPortExitCritical)
    i.vPortFree                              0x08002920   Section        0  heap_4.o(i.vPortFree)
    i.vPortSetupTimerInterrupt               0x0800296c   Section        0  port.o(i.vPortSetupTimerInterrupt)
    i.vQueueWaitForMessageRestricted         0x08002984   Section        0  queue.o(i.vQueueWaitForMessageRestricted)
    i.vTaskDelay                             0x080029d0   Section        0  tasks.o(i.vTaskDelay)
    i.vTaskGetInfo                           0x08002a04   Section        0  tasks.o(i.vTaskGetInfo)
    i.vTaskInternalSetTimeOutState           0x08002a84   Section        0  tasks.o(i.vTaskInternalSetTimeOutState)
    i.vTaskList                              0x08002a9c   Section        0  tasks.o(i.vTaskList)
    i.vTaskMissedYield                       0x08002b78   Section        0  tasks.o(i.vTaskMissedYield)
    i.vTaskPlaceOnEventList                  0x08002b84   Section        0  tasks.o(i.vTaskPlaceOnEventList)
    i.vTaskPlaceOnEventListRestricted        0x08002ba4   Section        0  tasks.o(i.vTaskPlaceOnEventListRestricted)
    i.vTaskResume                            0x08002bf0   Section        0  tasks.o(i.vTaskResume)
    i.vTaskStartScheduler                    0x08002c9c   Section        0  tasks.o(i.vTaskStartScheduler)
    i.vTaskSuspend                           0x08002d38   Section        0  tasks.o(i.vTaskSuspend)
    i.vTaskSuspendAll                        0x08002e10   Section        0  tasks.o(i.vTaskSuspendAll)
    i.vTaskSwitchContext                     0x08002e20   Section        0  tasks.o(i.vTaskSwitchContext)
    i.xPortStartScheduler                    0x08002e80   Section        0  port.o(i.xPortStartScheduler)
    i.xPortSysTickHandler                    0x08002eb4   Section        0  port.o(i.xPortSysTickHandler)
    i.xQueueGenericCreateStatic              0x08002ee8   Section        0  queue.o(i.xQueueGenericCreateStatic)
    i.xQueueGenericReset                     0x08002f28   Section        0  queue.o(i.xQueueGenericReset)
    i.xQueueReceive                          0x08002fc8   Section        0  queue.o(i.xQueueReceive)
    i.xTaskCheckForTimeOut                   0x080030cc   Section        0  tasks.o(i.xTaskCheckForTimeOut)
    i.xTaskCreateStatic                      0x0800312c   Section        0  tasks.o(i.xTaskCreateStatic)
    i.xTaskGetSchedulerState                 0x08003184   Section        0  tasks.o(i.xTaskGetSchedulerState)
    i.xTaskGetTickCount                      0x080031a4   Section        0  tasks.o(i.xTaskGetTickCount)
    i.xTaskIncrementTick                     0x080031b0   Section        0  tasks.o(i.xTaskIncrementTick)
    i.xTaskRemoveFromEventList               0x08003340   Section        0  tasks.o(i.xTaskRemoveFromEventList)
    i.xTaskResumeAll                         0x08003448   Section        0  tasks.o(i.xTaskResumeAll)
    i.xTimerCreateTimerTask                  0x080035a4   Section        0  timers.o(i.xTimerCreateTimerTask)
    .constdata                               0x08003604   Section       24  system_stm32f1xx.o(.constdata)
    .constdata                               0x0800361c   Section     1520  oled.o(.constdata)
    .data                                    0x20000000   Section        4  system_stm32f1xx.o(.data)
    .data                                    0x20000004   Section       12  mytask.o(.data)
    .data                                    0x20000010   Section        9  stm32f1xx_hal.o(.data)
    .data                                    0x2000001c   Section       64  tasks.o(.data)
    pxDelayedTaskList                        0x20000020   Data           4  tasks.o(.data)
    pxOverflowDelayedTaskList                0x20000024   Data           4  tasks.o(.data)
    uxDeletedTasksWaitingCleanUp             0x20000028   Data           4  tasks.o(.data)
    uxCurrentNumberOfTasks                   0x2000002c   Data           4  tasks.o(.data)
    xTickCount                               0x20000030   Data           4  tasks.o(.data)
    uxTopReadyPriority                       0x20000034   Data           4  tasks.o(.data)
    xSchedulerRunning                        0x20000038   Data           4  tasks.o(.data)
    xPendedTicks                             0x2000003c   Data           4  tasks.o(.data)
    xYieldPending                            0x20000040   Data           4  tasks.o(.data)
    xNumOfOverflows                          0x20000044   Data           4  tasks.o(.data)
    uxTaskNumber                             0x20000048   Data           4  tasks.o(.data)
    xNextTaskUnblockTime                     0x2000004c   Data           4  tasks.o(.data)
    xIdleTaskHandle                          0x20000050   Data           4  tasks.o(.data)
    uxSchedulerSuspended                     0x20000058   Data           4  tasks.o(.data)
    .data                                    0x2000005c   Section       20  timers.o(.data)
    pxCurrentTimerList                       0x2000005c   Data           4  timers.o(.data)
    pxOverflowTimerList                      0x20000060   Data           4  timers.o(.data)
    xTimerQueue                              0x20000064   Data           4  timers.o(.data)
    xTimerTaskHandle                         0x20000068   Data           4  timers.o(.data)
    xLastTime                                0x2000006c   Data           4  timers.o(.data)
    .data                                    0x20000070   Section       28  heap_4.o(.data)
    xStart                                   0x20000070   Data           8  heap_4.o(.data)
    pxEnd                                    0x20000078   Data           4  heap_4.o(.data)
    xFreeBytesRemaining                      0x2000007c   Data           4  heap_4.o(.data)
    xMinimumEverFreeBytesRemaining           0x20000080   Data           4  heap_4.o(.data)
    xNumberOfSuccessfulAllocations           0x20000084   Data           4  heap_4.o(.data)
    xNumberOfSuccessfulFrees                 0x20000088   Data           4  heap_4.o(.data)
    .data                                    0x2000008c   Section        4  port.o(.data)
    uxCriticalNesting                        0x2000008c   Data           4  port.o(.data)
    .data                                    0x20000090   Section        4  stdout.o(.data)
    .bss                                     0x20000094   Section     4516  mytask.o(.bss)
    .bss                                     0x20001238   Section       64  usart.o(.bss)
    .bss                                     0x20001278   Section      200  tasks.o(.bss)
    pxReadyTasksLists                        0x20001278   Data         100  tasks.o(.bss)
    xDelayedTaskList1                        0x200012dc   Data          20  tasks.o(.bss)
    xDelayedTaskList2                        0x200012f0   Data          20  tasks.o(.bss)
    xPendingReadyList                        0x20001304   Data          20  tasks.o(.bss)
    xTasksWaitingTermination                 0x20001318   Data          20  tasks.o(.bss)
    xSuspendedTaskList                       0x2000132c   Data          20  tasks.o(.bss)
    .bss                                     0x20001340   Section      240  timers.o(.bss)
    xActiveTimerList1                        0x20001340   Data          20  timers.o(.bss)
    xActiveTimerList2                        0x20001354   Data          20  timers.o(.bss)
    xStaticTimerQueue                        0x20001368   Data          80  timers.o(.bss)
    ucStaticTimerQueueStorage                0x200013b8   Data         120  timers.o(.bss)
    .bss                                     0x20001430   Section    36864  heap_4.o(.bss)
    ucHeap                                   0x20001430   Data       36864  heap_4.o(.bss)
    STACK                                    0x2000a430   Section     1024  startup_stm32f103xe.o(STACK)

    Global Symbols

    Symbol Name                              Value     Ov Type        Size  Object(Section)

    BuildAttributes$$THM_ISAv4$P$D$K$B$S$PE$A:L22UL41UL21$X:L11$S22US41US21$IEEE1$IW$USESV6$~STKCKD$USESV7$~SHL$OSPACE$ROPI$EBA8$MICROLIB$REQ8$PRES8$EABIv2 0x00000000   Number         0  anon$$obj.o ABSOLUTE
    __ARM_use_no_argv                        0x00000000   Number         0  main.o ABSOLUTE
    _printf_a                                0x00000000   Number         0  stubs.o ABSOLUTE
    _printf_c                                0x00000000   Number         0  stubs.o ABSOLUTE
    _printf_charcount                        0x00000000   Number         0  stubs.o ABSOLUTE
    _printf_d                                0x00000000   Number         0  stubs.o ABSOLUTE
    _printf_e                                0x00000000   Number         0  stubs.o ABSOLUTE
    _printf_f                                0x00000000   Number         0  stubs.o ABSOLUTE
    _printf_flags                            0x00000000   Number         0  stubs.o ABSOLUTE
    _printf_fp_dec                           0x00000000   Number         0  stubs.o ABSOLUTE
    _printf_fp_hex                           0x00000000   Number         0  stubs.o ABSOLUTE
    _printf_g                                0x00000000   Number         0  stubs.o ABSOLUTE
    _printf_i                                0x00000000   Number         0  stubs.o ABSOLUTE
    _printf_int_dec                          0x00000000   Number         0  stubs.o ABSOLUTE
    _printf_l                                0x00000000   Number         0  stubs.o ABSOLUTE
    _printf_lc                               0x00000000   Number         0  stubs.o ABSOLUTE
    _printf_ll                               0x00000000   Number         0  stubs.o ABSOLUTE
    _printf_lld                              0x00000000   Number         0  stubs.o ABSOLUTE
    _printf_lli                              0x00000000   Number         0  stubs.o ABSOLUTE
    _printf_llo                              0x00000000   Number         0  stubs.o ABSOLUTE
    _printf_llu                              0x00000000   Number         0  stubs.o ABSOLUTE
    _printf_llx                              0x00000000   Number         0  stubs.o ABSOLUTE
    _printf_longlong_dec                     0x00000000   Number         0  stubs.o ABSOLUTE
    _printf_longlong_hex                     0x00000000   Number         0  stubs.o ABSOLUTE
    _printf_longlong_oct                     0x00000000   Number         0  stubs.o ABSOLUTE
    _printf_ls                               0x00000000   Number         0  stubs.o ABSOLUTE
    _printf_mbtowc                           0x00000000   Number         0  stubs.o ABSOLUTE
    _printf_n                                0x00000000   Number         0  stubs.o ABSOLUTE
    _printf_o                                0x00000000   Number         0  stubs.o ABSOLUTE
    _printf_p                                0x00000000   Number         0  stubs.o ABSOLUTE
    _printf_percent                          0x00000000   Number         0  stubs.o ABSOLUTE
    _printf_pre_padding                      0x00000000   Number         0  stubs.o ABSOLUTE
    _printf_return_value                     0x00000000   Number         0  stubs.o ABSOLUTE
    _printf_s                                0x00000000   Number         0  stubs.o ABSOLUTE
    _printf_sizespec                         0x00000000   Number         0  stubs.o ABSOLUTE
    _printf_str                              0x00000000   Number         0  stubs.o ABSOLUTE
    _printf_truncate_signed                  0x00000000   Number         0  stubs.o ABSOLUTE
    _printf_truncate_unsigned                0x00000000   Number         0  stubs.o ABSOLUTE
    _printf_u                                0x00000000   Number         0  stubs.o ABSOLUTE
    _printf_wc                               0x00000000   Number         0  stubs.o ABSOLUTE
    _printf_wctomb                           0x00000000   Number         0  stubs.o ABSOLUTE
    _printf_widthprec                        0x00000000   Number         0  stubs.o ABSOLUTE
    _printf_x                                0x00000000   Number         0  stubs.o ABSOLUTE
    __arm_fini_                               - Undefined Weak Reference
    __cpp_initialize__aeabi_                  - Undefined Weak Reference
    __cxa_finalize                            - Undefined Weak Reference
    __decompress                              - Undefined Weak Reference
    _clock_init                               - Undefined Weak Reference
    _microlib_exit                            - Undefined Weak Reference
    __Vectors_Size                           0x00000130   Number         0  startup_stm32f103xe.o ABSOLUTE
    __Vectors                                0x08000000   Data           4  startup_stm32f103xe.o(RESET)
    __Vectors_End                            0x08000130   Data           0  startup_stm32f103xe.o(RESET)
    __main                                   0x08000131   Thumb Code     0  entry.o(.ARM.Collect$$$$00000000)
    _main_stk                                0x08000131   Thumb Code     0  entry2.o(.ARM.Collect$$$$00000001)
    _main_scatterload                        0x08000135   Thumb Code     0  entry5.o(.ARM.Collect$$$$00000004)
    __main_after_scatterload                 0x08000139   Thumb Code     0  entry5.o(.ARM.Collect$$$$00000004)
    _main_clock                              0x08000139   Thumb Code     0  entry7b.o(.ARM.Collect$$$$00000008)
    _main_cpp_init                           0x08000139   Thumb Code     0  entry8b.o(.ARM.Collect$$$$0000000A)
    _main_init                               0x08000139   Thumb Code     0  entry9a.o(.ARM.Collect$$$$0000000B)
    __rt_lib_shutdown_fini                   0x08000141   Thumb Code     0  entry12b.o(.ARM.Collect$$$$0000000E)
    __rt_final_cpp                           0x08000145   Thumb Code     0  entry10a.o(.ARM.Collect$$$$0000000F)
    __rt_final_exit                          0x08000145   Thumb Code     0  entry11a.o(.ARM.Collect$$$$00000011)
    SVC_Handler                              0x08000149   Thumb Code    32  port.o(.emb_text)
    __asm___6_port_c_39a90d8d__prvStartFirstTask 0x0800016d   Thumb Code    28  port.o(.emb_text)
    PendSV_Handler                           0x0800018d   Thumb Code    72  port.o(.emb_text)
    vPortGetIPSR                             0x080001d9   Thumb Code     6  port.o(.emb_text)
    Reset_Handler                            0x080001e1   Thumb Code     8  startup_stm32f103xe.o(.text)
    ADC1_2_IRQHandler                        0x080001fb   Thumb Code     0  startup_stm32f103xe.o(.text)
    ADC3_IRQHandler                          0x080001fb   Thumb Code     0  startup_stm32f103xe.o(.text)
    CAN1_RX1_IRQHandler                      0x080001fb   Thumb Code     0  startup_stm32f103xe.o(.text)
    CAN1_SCE_IRQHandler                      0x080001fb   Thumb Code     0  startup_stm32f103xe.o(.text)
    DMA1_Channel1_IRQHandler                 0x080001fb   Thumb Code     0  startup_stm32f103xe.o(.text)
    DMA1_Channel2_IRQHandler                 0x080001fb   Thumb Code     0  startup_stm32f103xe.o(.text)
    DMA1_Channel3_IRQHandler                 0x080001fb   Thumb Code     0  startup_stm32f103xe.o(.text)
    DMA1_Channel4_IRQHandler                 0x080001fb   Thumb Code     0  startup_stm32f103xe.o(.text)
    DMA1_Channel5_IRQHandler                 0x080001fb   Thumb Code     0  startup_stm32f103xe.o(.text)
    DMA1_Channel6_IRQHandler                 0x080001fb   Thumb Code     0  startup_stm32f103xe.o(.text)
    DMA1_Channel7_IRQHandler                 0x080001fb   Thumb Code     0  startup_stm32f103xe.o(.text)
    DMA2_Channel1_IRQHandler                 0x080001fb   Thumb Code     0  startup_stm32f103xe.o(.text)
    DMA2_Channel2_IRQHandler                 0x080001fb   Thumb Code     0  startup_stm32f103xe.o(.text)
    DMA2_Channel3_IRQHandler                 0x080001fb   Thumb Code     0  startup_stm32f103xe.o(.text)
    DMA2_Channel4_5_IRQHandler               0x080001fb   Thumb Code     0  startup_stm32f103xe.o(.text)
    EXTI0_IRQHandler                         0x080001fb   Thumb Code     0  startup_stm32f103xe.o(.text)
    EXTI15_10_IRQHandler                     0x080001fb   Thumb Code     0  startup_stm32f103xe.o(.text)
    EXTI1_IRQHandler                         0x080001fb   Thumb Code     0  startup_stm32f103xe.o(.text)
    EXTI2_IRQHandler                         0x080001fb   Thumb Code     0  startup_stm32f103xe.o(.text)
    EXTI3_IRQHandler                         0x080001fb   Thumb Code     0  startup_stm32f103xe.o(.text)
    EXTI4_IRQHandler                         0x080001fb   Thumb Code     0  startup_stm32f103xe.o(.text)
    EXTI9_5_IRQHandler                       0x080001fb   Thumb Code     0  startup_stm32f103xe.o(.text)
    FLASH_IRQHandler                         0x080001fb   Thumb Code     0  startup_stm32f103xe.o(.text)
    FSMC_IRQHandler                          0x080001fb   Thumb Code     0  startup_stm32f103xe.o(.text)
    I2C1_ER_IRQHandler                       0x080001fb   Thumb Code     0  startup_stm32f103xe.o(.text)
    I2C1_EV_IRQHandler                       0x080001fb   Thumb Code     0  startup_stm32f103xe.o(.text)
    I2C2_ER_IRQHandler                       0x080001fb   Thumb Code     0  startup_stm32f103xe.o(.text)
    I2C2_EV_IRQHandler                       0x080001fb   Thumb Code     0  startup_stm32f103xe.o(.text)
    PVD_IRQHandler                           0x080001fb   Thumb Code     0  startup_stm32f103xe.o(.text)
    RCC_IRQHandler                           0x080001fb   Thumb Code     0  startup_stm32f103xe.o(.text)
    RTC_Alarm_IRQHandler                     0x080001fb   Thumb Code     0  startup_stm32f103xe.o(.text)
    RTC_IRQHandler                           0x080001fb   Thumb Code     0  startup_stm32f103xe.o(.text)
    SDIO_IRQHandler                          0x080001fb   Thumb Code     0  startup_stm32f103xe.o(.text)
    SPI1_IRQHandler                          0x080001fb   Thumb Code     0  startup_stm32f103xe.o(.text)
    SPI2_IRQHandler                          0x080001fb   Thumb Code     0  startup_stm32f103xe.o(.text)
    SPI3_IRQHandler                          0x080001fb   Thumb Code     0  startup_stm32f103xe.o(.text)
    TAMPER_IRQHandler                        0x080001fb   Thumb Code     0  startup_stm32f103xe.o(.text)
    TIM1_BRK_IRQHandler                      0x080001fb   Thumb Code     0  startup_stm32f103xe.o(.text)
    TIM1_CC_IRQHandler                       0x080001fb   Thumb Code     0  startup_stm32f103xe.o(.text)
    TIM1_TRG_COM_IRQHandler                  0x080001fb   Thumb Code     0  startup_stm32f103xe.o(.text)
    TIM1_UP_IRQHandler                       0x080001fb   Thumb Code     0  startup_stm32f103xe.o(.text)
    TIM2_IRQHandler                          0x080001fb   Thumb Code     0  startup_stm32f103xe.o(.text)
    TIM3_IRQHandler                          0x080001fb   Thumb Code     0  startup_stm32f103xe.o(.text)
    TIM4_IRQHandler                          0x080001fb   Thumb Code     0  startup_stm32f103xe.o(.text)
    TIM5_IRQHandler                          0x080001fb   Thumb Code     0  startup_stm32f103xe.o(.text)
    TIM6_IRQHandler                          0x080001fb   Thumb Code     0  startup_stm32f103xe.o(.text)
    TIM7_IRQHandler                          0x080001fb   Thumb Code     0  startup_stm32f103xe.o(.text)
    TIM8_BRK_IRQHandler                      0x080001fb   Thumb Code     0  startup_stm32f103xe.o(.text)
    TIM8_CC_IRQHandler                       0x080001fb   Thumb Code     0  startup_stm32f103xe.o(.text)
    TIM8_TRG_COM_IRQHandler                  0x080001fb   Thumb Code     0  startup_stm32f103xe.o(.text)
    TIM8_UP_IRQHandler                       0x080001fb   Thumb Code     0  startup_stm32f103xe.o(.text)
    UART4_IRQHandler                         0x080001fb   Thumb Code     0  startup_stm32f103xe.o(.text)
    UART5_IRQHandler                         0x080001fb   Thumb Code     0  startup_stm32f103xe.o(.text)
    USART1_IRQHandler                        0x080001fb   Thumb Code     0  startup_stm32f103xe.o(.text)
    USART2_IRQHandler                        0x080001fb   Thumb Code     0  startup_stm32f103xe.o(.text)
    USART3_IRQHandler                        0x080001fb   Thumb Code     0  startup_stm32f103xe.o(.text)
    USBWakeUp_IRQHandler                     0x080001fb   Thumb Code     0  startup_stm32f103xe.o(.text)
    USB_HP_CAN1_TX_IRQHandler                0x080001fb   Thumb Code     0  startup_stm32f103xe.o(.text)
    USB_LP_CAN1_RX0_IRQHandler               0x080001fb   Thumb Code     0  startup_stm32f103xe.o(.text)
    WWDG_IRQHandler                          0x080001fb   Thumb Code     0  startup_stm32f103xe.o(.text)
    __aeabi_memcpy                           0x08000205   Thumb Code    36  memcpya.o(.text)
    __aeabi_memcpy4                          0x08000205   Thumb Code     0  memcpya.o(.text)
    __aeabi_memcpy8                          0x08000205   Thumb Code     0  memcpya.o(.text)
    __aeabi_memset                           0x08000229   Thumb Code    14  memseta.o(.text)
    __aeabi_memset4                          0x08000229   Thumb Code     0  memseta.o(.text)
    __aeabi_memset8                          0x08000229   Thumb Code     0  memseta.o(.text)
    __aeabi_memclr                           0x08000237   Thumb Code     4  memseta.o(.text)
    __aeabi_memclr4                          0x08000237   Thumb Code     0  memseta.o(.text)
    __aeabi_memclr8                          0x08000237   Thumb Code     0  memseta.o(.text)
    _memset$wrapper                          0x0800023b   Thumb Code    18  memseta.o(.text)
    strlen                                   0x0800024d   Thumb Code    14  strlen.o(.text)
    strcpy                                   0x0800025b   Thumb Code    18  strcpy.o(.text)
    __aeabi_uidiv                            0x0800026d   Thumb Code     0  uidiv.o(.text)
    __aeabi_uidivmod                         0x0800026d   Thumb Code    44  uidiv.o(.text)
    __scatterload                            0x08000299   Thumb Code    28  init.o(.text)
    __scatterload_rt2                        0x08000299   Thumb Code     0  init.o(.text)
    BusFault_Handler                         0x080002bd   Thumb Code     4  stm32f1xx_it.o(i.BusFault_Handler)
    DebugMon_Handler                         0x080002c1   Thumb Code     2  stm32f1xx_it.o(i.DebugMon_Handler)
    Delay_1ms                                0x080002c3   Thumb Code    22  key.o(i.Delay_1ms)
    Delay_ms                                 0x080002d9   Thumb Code    22  key.o(i.Delay_ms)
    Error_Handler                            0x080002ef   Thumb Code     6  usart.o(i.Error_Handler)
    HAL_GPIO_Init                            0x080002f5   Thumb Code   792  stm32f1xx_hal_gpio.o(i.HAL_GPIO_Init)
    HAL_GPIO_ReadPin                         0x08000635   Thumb Code    16  stm32f1xx_hal_gpio.o(i.HAL_GPIO_ReadPin)
    HAL_GPIO_WritePin                        0x08000645   Thumb Code    12  stm32f1xx_hal_gpio.o(i.HAL_GPIO_WritePin)
    HAL_GetTick                              0x08000651   Thumb Code     6  stm32f1xx_hal.o(i.HAL_GetTick)
    HAL_Init                                 0x0800065d   Thumb Code    34  stm32f1xx_hal.o(i.HAL_Init)
    HAL_InitTick                             0x08000685   Thumb Code    64  stm32f1xx_hal.o(i.HAL_InitTick)
    HAL_MspInit                              0x080006d1   Thumb Code     2  stm32f1xx_hal_msp.o(i.HAL_MspInit)
    HAL_NVIC_EnableIRQ                       0x080006d3   Thumb Code    32  stm32f1xx_hal_cortex.o(i.HAL_NVIC_EnableIRQ)
    HAL_NVIC_SetPriority                     0x080006f3   Thumb Code   124  stm32f1xx_hal_cortex.o(i.HAL_NVIC_SetPriority)
    HAL_NVIC_SetPriorityGrouping             0x08000771   Thumb Code    32  stm32f1xx_hal_cortex.o(i.HAL_NVIC_SetPriorityGrouping)
    HAL_RCC_ClockConfig                      0x08000799   Thumb Code   376  stm32f1xx_hal_rcc.o(i.HAL_RCC_ClockConfig)
    HAL_RCC_GetHCLKFreq                      0x08000925   Thumb Code     6  stm32f1xx_hal_rcc.o(i.HAL_RCC_GetHCLKFreq)
    HAL_RCC_GetPCLK1Freq                     0x08000931   Thumb Code    22  stm32f1xx_hal_rcc.o(i.HAL_RCC_GetPCLK1Freq)
    HAL_RCC_GetPCLK2Freq                     0x08000951   Thumb Code    22  stm32f1xx_hal_rcc.o(i.HAL_RCC_GetPCLK2Freq)
    HAL_RCC_GetSysClockFreq                  0x08000971   Thumb Code   116  stm32f1xx_hal_rcc.o(i.HAL_RCC_GetSysClockFreq)
    HAL_RCC_OscConfig                        0x08000a05   Thumb Code  1114  stm32f1xx_hal_rcc.o(i.HAL_RCC_OscConfig)
    HAL_SYSTICK_Config                       0x08000e69   Thumb Code    52  stm32f1xx_hal_cortex.o(i.HAL_SYSTICK_Config)
    HAL_UART_Init                            0x08000e9d   Thumb Code   114  stm32f1xx_hal_uart.o(i.HAL_UART_Init)
    HAL_UART_MspInit                         0x08000f11   Thumb Code   138  usart.o(i.HAL_UART_MspInit)
    HAL_UART_Transmit                        0x08000fa9   Thumb Code   214  stm32f1xx_hal_uart.o(i.HAL_UART_Transmit)
    HardFault_Handler                        0x0800107f   Thumb Code     4  stm32f1xx_it.o(i.HardFault_Handler)
    Key                                      0x08001085   Thumb Code    70  mytask.o(i.Key)
    Key_Init                                 0x08001119   Thumb Code    70  key.o(i.Key_Init)
    Key_return                               0x08001169   Thumb Code    94  key.o(i.Key_return)
    LED0_Toggle                              0x080011cd   Thumb Code    36  led.o(i.LED0_Toggle)
    LED0_Toggle_Task                         0x080011f5   Thumb Code    16  mytask.o(i.LED0_Toggle_Task)
    LED1_Toggle                              0x08001205   Thumb Code    36  led.o(i.LED1_Toggle)
    LED1_Toggle_Task                         0x0800122d   Thumb Code    14  mytask.o(i.LED1_Toggle_Task)
    LED_Init                                 0x0800123d   Thumb Code   124  led.o(i.LED_Init)
    MX_USART1_UART_Init                      0x080012c5   Thumb Code    46  usart.o(i.MX_USART1_UART_Init)
    MemManage_Handler                        0x080012fd   Thumb Code     4  stm32f1xx_it.o(i.MemManage_Handler)
    NMI_Handler                              0x08001301   Thumb Code     2  stm32f1xx_it.o(i.NMI_Handler)
    OLED_Clear                               0x08001303   Thumb Code    42  oled.o(i.OLED_Clear)
    OLED_I2C_Init                            0x0800132d   Thumb Code    92  oled.o(i.OLED_I2C_Init)
    OLED_I2C_SendByte                        0x08001391   Thumb Code    80  oled.o(i.OLED_I2C_SendByte)
    OLED_I2C_Start                           0x080013e5   Thumb Code    48  oled.o(i.OLED_I2C_Start)
    OLED_I2C_Stop                            0x08001419   Thumb Code    36  oled.o(i.OLED_I2C_Stop)
    OLED_Init                                0x08001441   Thumb Code   174  oled.o(i.OLED_Init)
    OLED_SetCursor                           0x080014ef   Thumb Code    34  oled.o(i.OLED_SetCursor)
    OLED_ShowChar                            0x08001511   Thumb Code   110  oled.o(i.OLED_ShowChar)
    OLED_ShowString                          0x08001585   Thumb Code    40  oled.o(i.OLED_ShowString)
    OLED_WriteCommand                        0x080015ad   Thumb Code    32  oled.o(i.OLED_WriteCommand)
    OLED_WriteData                           0x080015cd   Thumb Code    32  oled.o(i.OLED_WriteData)
    SysTick_Handler                          0x08001615   Thumb Code    16  stm32f1xx_it.o(i.SysTick_Handler)
    SystemClock_Config                       0x08001625   Thumb Code   106  main.o(i.SystemClock_Config)
    SystemInit                               0x08001691   Thumb Code    70  system_stm32f1xx.o(i.SystemInit)
    UsageFault_Handler                       0x080018f5   Thumb Code     4  stm32f1xx_it.o(i.UsageFault_Handler)
    __0printf$3                              0x080018f9   Thumb Code    22  printf3.o(i.__0printf$3)
    __1printf$3                              0x080018f9   Thumb Code     0  printf3.o(i.__0printf$3)
    __2printf                                0x080018f9   Thumb Code     0  printf3.o(i.__0printf$3)
    __0sprintf$3                             0x08001919   Thumb Code    34  printf3.o(i.__0sprintf$3)
    __1sprintf$3                             0x08001919   Thumb Code     0  printf3.o(i.__0sprintf$3)
    __2sprintf                               0x08001919   Thumb Code     0  printf3.o(i.__0sprintf$3)
    __scatterload_copy                       0x08001979   Thumb Code    14  handlers.o(i.__scatterload_copy)
    __scatterload_null                       0x08001987   Thumb Code     2  handlers.o(i.__scatterload_null)
    __scatterload_zeroinit                   0x08001989   Thumb Code    14  handlers.o(i.__scatterload_zeroinit)
    eTaskGetState                            0x08001b5d   Thumb Code   118  tasks.o(i.eTaskGetState)
    fputc                                    0x08001be9   Thumb Code    22  usart.o(i.fputc)
    freertos_start                           0x08001c05   Thumb Code    92  mytask.o(i.freertos_start)
    main                                     0x08001cbd   Thumb Code    42  main.o(i.main)
    pvPortMalloc                             0x08002661   Thumb Code   208  heap_4.o(i.pvPortMalloc)
    pxPortInitialiseStack                    0x08002745   Thumb Code    30  port.o(i.pxPortInitialiseStack)
    uxListRemove                             0x08002769   Thumb Code    40  list.o(i.uxListRemove)
    uxTaskGetSystemState                     0x08002791   Thumb Code   152  tasks.o(i.uxTaskGetSystemState)
    vApplicationGetIdleTaskMemory            0x08002841   Thumb Code    14  mytask.o(i.vApplicationGetIdleTaskMemory)
    vApplicationGetTimerTaskMemory           0x08002859   Thumb Code    16  mytask.o(i.vApplicationGetTimerTaskMemory)
    vListInitialise                          0x08002871   Thumb Code    26  list.o(i.vListInitialise)
    vListInitialiseItem                      0x0800288b   Thumb Code     6  list.o(i.vListInitialiseItem)
    vListInsert                              0x08002891   Thumb Code    52  list.o(i.vListInsert)
    vListInsertEnd                           0x080028c5   Thumb Code    24  list.o(i.vListInsertEnd)
    vPortEnterCritical                       0x080028dd   Thumb Code    30  port.o(i.vPortEnterCritical)
    vPortExitCritical                        0x08002901   Thumb Code    28  port.o(i.vPortExitCritical)
    vPortFree                                0x08002921   Thumb Code    68  heap_4.o(i.vPortFree)
    vPortSetupTimerInterrupt                 0x0800296d   Thumb Code    20  port.o(i.vPortSetupTimerInterrupt)
    vQueueWaitForMessageRestricted           0x08002985   Thumb Code    74  queue.o(i.vQueueWaitForMessageRestricted)
    vTaskDelay                               0x080029d1   Thumb Code    46  tasks.o(i.vTaskDelay)
    vTaskGetInfo                             0x08002a05   Thumb Code   124  tasks.o(i.vTaskGetInfo)
    vTaskInternalSetTimeOutState             0x08002a85   Thumb Code    14  tasks.o(i.vTaskInternalSetTimeOutState)
    vTaskList                                0x08002a9d   Thumb Code   200  tasks.o(i.vTaskList)
    vTaskMissedYield                         0x08002b79   Thumb Code     8  tasks.o(i.vTaskMissedYield)
    vTaskPlaceOnEventList                    0x08002b85   Thumb Code    28  tasks.o(i.vTaskPlaceOnEventList)
    vTaskPlaceOnEventListRestricted          0x08002ba5   Thumb Code    70  tasks.o(i.vTaskPlaceOnEventListRestricted)
    vTaskResume                              0x08002bf1   Thumb Code   156  tasks.o(i.vTaskResume)
    vTaskStartScheduler                      0x08002c9d   Thumb Code   124  tasks.o(i.vTaskStartScheduler)
    vTaskSuspend                             0x08002d39   Thumb Code   188  tasks.o(i.vTaskSuspend)
    vTaskSuspendAll                          0x08002e11   Thumb Code    12  tasks.o(i.vTaskSuspendAll)
    vTaskSwitchContext                       0x08002e21   Thumb Code    76  tasks.o(i.vTaskSwitchContext)
    xPortStartScheduler                      0x08002e81   Thumb Code    42  port.o(i.xPortStartScheduler)
    xPortSysTickHandler                      0x08002eb5   Thumb Code    46  port.o(i.xPortSysTickHandler)
    xQueueGenericCreateStatic                0x08002ee9   Thumb Code    62  queue.o(i.xQueueGenericCreateStatic)
    xQueueGenericReset                       0x08002f29   Thumb Code   156  queue.o(i.xQueueGenericReset)
    xQueueReceive                            0x08002fc9   Thumb Code   256  queue.o(i.xQueueReceive)
    xTaskCheckForTimeOut                     0x080030cd   Thumb Code    88  tasks.o(i.xTaskCheckForTimeOut)
    xTaskCreateStatic                        0x0800312d   Thumb Code    86  tasks.o(i.xTaskCreateStatic)
    xTaskGetSchedulerState                   0x08003185   Thumb Code    24  tasks.o(i.xTaskGetSchedulerState)
    xTaskGetTickCount                        0x080031a5   Thumb Code     6  tasks.o(i.xTaskGetTickCount)
    xTaskIncrementTick                       0x080031b1   Thumb Code   356  tasks.o(i.xTaskIncrementTick)
    xTaskRemoveFromEventList                 0x08003341   Thumb Code   240  tasks.o(i.xTaskRemoveFromEventList)
    xTaskResumeAll                           0x08003449   Thumb Code   310  tasks.o(i.xTaskResumeAll)
    xTimerCreateTimerTask                    0x080035a5   Thumb Code    76  timers.o(i.xTimerCreateTimerTask)
    AHBPrescTable                            0x08003604   Data          16  system_stm32f1xx.o(.constdata)
    APBPrescTable                            0x08003614   Data           8  system_stm32f1xx.o(.constdata)
    OLED_F8x16                               0x0800361c   Data        1520  oled.o(.constdata)
    Region$$Table$$Base                      0x08003c0c   Number         0  anon$$obj.o(Region$$Table)
    Region$$Table$$Limit                     0x08003c2c   Number         0  anon$$obj.o(Region$$Table)
    SystemCoreClock                          0x20000000   Data           4  system_stm32f1xx.o(.data)
    LED0_Toggle_Task_handle                  0x20000004   Data           4  mytask.o(.data)
    LED1_Toggle_Task_handle                  0x20000008   Data           4  mytask.o(.data)
    Key_handle                               0x2000000c   Data           4  mytask.o(.data)
    uwTick                                   0x20000010   Data           4  stm32f1xx_hal.o(.data)
    uwTickPrio                               0x20000014   Data           4  stm32f1xx_hal.o(.data)
    uwTickFreq                               0x20000018   Data           1  stm32f1xx_hal.o(.data)
    pxCurrentTCB                             0x2000001c   Data           4  tasks.o(.data)
    uxTopUsedPriority                        0x20000054   Data           4  tasks.o(.data)
    __stdout                                 0x20000090   Data           4  stdout.o(.data)
    pcWriteBuffer                            0x20000094   Data         512  mytask.o(.bss)
    LED0_Toggle_Task_stack                   0x20000294   Data         512  mytask.o(.bss)
    LED0_Toggle_Task_tcb                     0x20000494   Data          84  mytask.o(.bss)
    LED1_Toggle_Task_stack                   0x200004e8   Data         512  mytask.o(.bss)
    LED1_Toggle_Task_tcb                     0x200006e8   Data          84  mytask.o(.bss)
    Key_stack                                0x2000073c   Data        1024  mytask.o(.bss)
    Key_tcb                                  0x20000b3c   Data          84  mytask.o(.bss)
    idle_task_stack                          0x20000b90   Data         512  mytask.o(.bss)
    idle_task_tcb                            0x20000d90   Data          84  mytask.o(.bss)
    timer_task_stack                         0x20000de4   Data        1024  mytask.o(.bss)
    timer_task_tcb                           0x200011e4   Data          84  mytask.o(.bss)
    huart1                                   0x20001238   Data          64  usart.o(.bss)
    __initial_sp                             0x2000a830   Data           0  startup_stm32f103xe.o(STACK)



==============================================================================

Memory Map of the image

  Image Entry point : 0x080001e1

  Load Region LR_1 (Base: 0x08000000, Size: 0x00003cc0, Max: 0xffffffff, ABSOLUTE)

    Execution Region ER_RO (Exec base: 0x08000000, Load base: 0x08000000, Size: 0x00003c2c, Max: 0xffffffff, ABSOLUTE)

    Exec Addr    Load Addr    Size         Type   Attr      Idx    E Section Name        Object

    0x08000000   0x08000000   0x00000130   Data   RO          521    RESET               startup_stm32f103xe.o
    0x08000130   0x08000130   0x00000000   Code   RO         9053  * .ARM.Collect$$$$00000000  mc_w.l(entry.o)
    0x08000130   0x08000130   0x00000004   Code   RO         9329    .ARM.Collect$$$$00000001  mc_w.l(entry2.o)
    0x08000134   0x08000134   0x00000004   Code   RO         9332    .ARM.Collect$$$$00000004  mc_w.l(entry5.o)
    0x08000138   0x08000138   0x00000000   Code   RO         9334    .ARM.Collect$$$$00000008  mc_w.l(entry7b.o)
    0x08000138   0x08000138   0x00000000   Code   RO         9336    .ARM.Collect$$$$0000000A  mc_w.l(entry8b.o)
    0x08000138   0x08000138   0x00000008   Code   RO         9337    .ARM.Collect$$$$0000000B  mc_w.l(entry9a.o)
    0x08000140   0x08000140   0x00000004   Code   RO         9344    .ARM.Collect$$$$0000000E  mc_w.l(entry12b.o)
    0x08000144   0x08000144   0x00000000   Code   RO         9339    .ARM.Collect$$$$0000000F  mc_w.l(entry10a.o)
    0x08000144   0x08000144   0x00000000   Code   RO         9341    .ARM.Collect$$$$00000011  mc_w.l(entry11a.o)
    0x08000144   0x08000144   0x00000004   Code   RO         9330    .ARM.Collect$$$$00002712  mc_w.l(entry2.o)
    0x08000148   0x08000148   0x00000096   Code   RO         8982    .emb_text           port.o
    0x080001de   0x080001de   0x00000002   PAD
    0x080001e0   0x080001e0   0x00000024   Code   RO          522  * .text               startup_stm32f103xe.o
    0x08000204   0x08000204   0x00000024   Code   RO         9058    .text               mc_w.l(memcpya.o)
    0x08000228   0x08000228   0x00000024   Code   RO         9060    .text               mc_w.l(memseta.o)
    0x0800024c   0x0800024c   0x0000000e   Code   RO         9062    .text               mc_w.l(strlen.o)
    0x0800025a   0x0800025a   0x00000012   Code   RO         9064    .text               mc_w.l(strcpy.o)
    0x0800026c   0x0800026c   0x0000002c   Code   RO         9346    .text               mc_w.l(uidiv.o)
    0x08000298   0x08000298   0x00000024   Code   RO         9361    .text               mc_w.l(init.o)
    0x080002bc   0x080002bc   0x00000004   Code   RO          289    i.BusFault_Handler  stm32f1xx_it.o
    0x080002c0   0x080002c0   0x00000002   Code   RO          290    i.DebugMon_Handler  stm32f1xx_it.o
    0x080002c2   0x080002c2   0x00000016   Code   RO         7653    i.Delay_1ms         key.o
    0x080002d8   0x080002d8   0x00000016   Code   RO         7654    i.Delay_ms          key.o
    0x080002ee   0x080002ee   0x00000006   Code   RO          464    i.Error_Handler     usart.o
    0x080002f4   0x080002f4   0x00000340   Code   RO         2038    i.HAL_GPIO_Init     stm32f1xx_hal_gpio.o
    0x08000634   0x08000634   0x00000010   Code   RO         2040    i.HAL_GPIO_ReadPin  stm32f1xx_hal_gpio.o
    0x08000644   0x08000644   0x0000000c   Code   RO         2042    i.HAL_GPIO_WritePin  stm32f1xx_hal_gpio.o
    0x08000650   0x08000650   0x0000000c   Code   RO          540    i.HAL_GetTick       stm32f1xx_hal.o
    0x0800065c   0x0800065c   0x00000028   Code   RO          547    i.HAL_Init          stm32f1xx_hal.o
    0x08000684   0x08000684   0x0000004c   Code   RO          548    i.HAL_InitTick      stm32f1xx_hal.o
    0x080006d0   0x080006d0   0x00000002   Code   RO          256    i.HAL_MspInit       stm32f1xx_hal_msp.o
    0x080006d2   0x080006d2   0x00000020   Code   RO         1233    i.HAL_NVIC_EnableIRQ  stm32f1xx_hal_cortex.o
    0x080006f2   0x080006f2   0x0000007c   Code   RO         1239    i.HAL_NVIC_SetPriority  stm32f1xx_hal_cortex.o
    0x0800076e   0x0800076e   0x00000002   PAD
    0x08000770   0x08000770   0x00000028   Code   RO         1240    i.HAL_NVIC_SetPriorityGrouping  stm32f1xx_hal_cortex.o
    0x08000798   0x08000798   0x0000018c   Code   RO         3907    i.HAL_RCC_ClockConfig  stm32f1xx_hal_rcc.o
    0x08000924   0x08000924   0x0000000c   Code   RO         3912    i.HAL_RCC_GetHCLKFreq  stm32f1xx_hal_rcc.o
    0x08000930   0x08000930   0x00000020   Code   RO         3914    i.HAL_RCC_GetPCLK1Freq  stm32f1xx_hal_rcc.o
    0x08000950   0x08000950   0x00000020   Code   RO         3915    i.HAL_RCC_GetPCLK2Freq  stm32f1xx_hal_rcc.o
    0x08000970   0x08000970   0x00000094   Code   RO         3916    i.HAL_RCC_GetSysClockFreq  stm32f1xx_hal_rcc.o
    0x08000a04   0x08000a04   0x00000464   Code   RO         3919    i.HAL_RCC_OscConfig  stm32f1xx_hal_rcc.o
    0x08000e68   0x08000e68   0x00000034   Code   RO         1244    i.HAL_SYSTICK_Config  stm32f1xx_hal_cortex.o
    0x08000e9c   0x08000e9c   0x00000072   Code   RO         6271    i.HAL_UART_Init     stm32f1xx_hal_uart.o
    0x08000f0e   0x08000f0e   0x00000002   PAD
    0x08000f10   0x08000f10   0x00000098   Code   RO          466    i.HAL_UART_MspInit  usart.o
    0x08000fa8   0x08000fa8   0x000000d6   Code   RO         6279    i.HAL_UART_Transmit  stm32f1xx_hal_uart.o
    0x0800107e   0x0800107e   0x00000004   Code   RO          291    i.HardFault_Handler  stm32f1xx_it.o
    0x08001082   0x08001082   0x00000002   PAD
    0x08001084   0x08001084   0x00000094   Code   RO          396    i.Key               mytask.o
    0x08001118   0x08001118   0x00000050   Code   RO         7655    i.Key_Init          key.o
    0x08001168   0x08001168   0x00000064   Code   RO         7656    i.Key_return        key.o
    0x080011cc   0x080011cc   0x00000028   Code   RO         7700    i.LED0_Toggle       led.o
    0x080011f4   0x080011f4   0x00000010   Code   RO          397    i.LED0_Toggle_Task  mytask.o
    0x08001204   0x08001204   0x00000028   Code   RO         7703    i.LED1_Toggle       led.o
    0x0800122c   0x0800122c   0x0000000e   Code   RO          398    i.LED1_Toggle_Task  mytask.o
    0x0800123a   0x0800123a   0x00000002   PAD
    0x0800123c   0x0800123c   0x00000088   Code   RO         7704    i.LED_Init          led.o
    0x080012c4   0x080012c4   0x00000038   Code   RO          467    i.MX_USART1_UART_Init  usart.o
    0x080012fc   0x080012fc   0x00000004   Code   RO          292    i.MemManage_Handler  stm32f1xx_it.o
    0x08001300   0x08001300   0x00000002   Code   RO          293    i.NMI_Handler       stm32f1xx_it.o
    0x08001302   0x08001302   0x0000002a   Code   RO         7776    i.OLED_Clear        oled.o
    0x0800132c   0x0800132c   0x00000064   Code   RO         7777    i.OLED_I2C_Init     oled.o
    0x08001390   0x08001390   0x00000054   Code   RO         7778    i.OLED_I2C_SendByte  oled.o
    0x080013e4   0x080013e4   0x00000034   Code   RO         7779    i.OLED_I2C_Start    oled.o
    0x08001418   0x08001418   0x00000028   Code   RO         7780    i.OLED_I2C_Stop     oled.o
    0x08001440   0x08001440   0x000000ae   Code   RO         7781    i.OLED_Init         oled.o
    0x080014ee   0x080014ee   0x00000022   Code   RO         7783    i.OLED_SetCursor    oled.o
    0x08001510   0x08001510   0x00000074   Code   RO         7785    i.OLED_ShowChar     oled.o
    0x08001584   0x08001584   0x00000028   Code   RO         7789    i.OLED_ShowString   oled.o
    0x080015ac   0x080015ac   0x00000020   Code   RO         7790    i.OLED_WriteCommand  oled.o
    0x080015cc   0x080015cc   0x00000020   Code   RO         7791    i.OLED_WriteData    oled.o
    0x080015ec   0x080015ec   0x00000028   Code   RO         3920    i.RCC_Delay         stm32f1xx_hal_rcc.o
    0x08001614   0x08001614   0x00000010   Code   RO          294    i.SysTick_Handler   stm32f1xx_it.o
    0x08001624   0x08001624   0x0000006a   Code   RO            4    i.SystemClock_Config  main.o
    0x0800168e   0x0800168e   0x00000002   PAD
    0x08001690   0x08001690   0x00000058   Code   RO          357    i.SystemInit        system_stm32f1xx.o
    0x080016e8   0x080016e8   0x000001a0   Code   RO         6298    i.UART_SetConfig    stm32f1xx_hal_uart.o
    0x08001888   0x08001888   0x0000006c   Code   RO         6300    i.UART_WaitOnFlagUntilTimeout  stm32f1xx_hal_uart.o
    0x080018f4   0x080018f4   0x00000004   Code   RO          295    i.UsageFault_Handler  stm32f1xx_it.o
    0x080018f8   0x080018f8   0x00000020   Code   RO         9157    i.__0printf$3       mc_w.l(printf3.o)
    0x08001918   0x08001918   0x00000028   Code   RO         9159    i.__0sprintf$3      mc_w.l(printf3.o)
    0x08001940   0x08001940   0x00000010   Code   RO         1246    i.__NVIC_GetPriorityGrouping  stm32f1xx_hal_cortex.o
    0x08001950   0x08001950   0x00000028   Code   RO         1247    i.__NVIC_SetPriority  stm32f1xx_hal_cortex.o
    0x08001978   0x08001978   0x0000000e   Code   RO         9371    i.__scatterload_copy  mc_w.l(handlers.o)
    0x08001986   0x08001986   0x00000002   Code   RO         9372    i.__scatterload_null  mc_w.l(handlers.o)
    0x08001988   0x08001988   0x0000000e   Code   RO         9373    i.__scatterload_zeroinit  mc_w.l(handlers.o)
    0x08001996   0x08001996   0x00000002   PAD
    0x08001998   0x08001998   0x000001b8   Code   RO         9164    i._printf_core      mc_w.l(printf3.o)
    0x08001b50   0x08001b50   0x0000000a   Code   RO         9166    i._sputc            mc_w.l(printf3.o)
    0x08001b5a   0x08001b5a   0x00000002   PAD
    0x08001b5c   0x08001b5c   0x0000008c   Code   RO         8384    i.eTaskGetState     tasks.o
    0x08001be8   0x08001be8   0x0000001c   Code   RO          468    i.fputc             usart.o
    0x08001c04   0x08001c04   0x000000b8   Code   RO          399    i.freertos_start    mytask.o
    0x08001cbc   0x08001cbc   0x00000038   Code   RO            5    i.main              main.o
    0x08001cf4   0x08001cf4   0x000000c0   Code   RO         8386    i.prvAddCurrentTaskToDelayedList  tasks.o
    0x08001db4   0x08001db4   0x000000ec   Code   RO         8387    i.prvAddNewTaskToReadyList  tasks.o
    0x08001ea0   0x08001ea0   0x0000005c   Code   RO         8756    i.prvCheckForValidListAndQueue  timers.o
    0x08001efc   0x08001efc   0x00000048   Code   RO         8388    i.prvCheckTasksWaitingTermination  tasks.o
    0x08001f44   0x08001f44   0x0000002a   Code   RO         8051    i.prvCopyDataFromQueue  queue.o
    0x08001f6e   0x08001f6e   0x00000028   Code   RO         8389    i.prvDeleteTCB      tasks.o
    0x08001f96   0x08001f96   0x00000002   PAD
    0x08001f98   0x08001f98   0x00000028   Code   RO         8757    i.prvGetNextExpireTime  timers.o
    0x08001fc0   0x08001fc0   0x00000070   Code   RO         8921    i.prvHeapInit       heap_4.o
    0x08002030   0x08002030   0x00000028   Code   RO         8390    i.prvIdleTask       tasks.o
    0x08002058   0x08002058   0x0000002a   Code   RO         8053    i.prvInitialiseNewQueue  queue.o
    0x08002082   0x08002082   0x00000088   Code   RO         8391    i.prvInitialiseNewTask  tasks.o
    0x0800210a   0x0800210a   0x00000002   PAD
    0x0800210c   0x0800210c   0x00000068   Code   RO         8392    i.prvInitialiseTaskLists  tasks.o
    0x08002174   0x08002174   0x00000068   Code   RO         8922    i.prvInsertBlockIntoFreeList  heap_4.o
    0x080021dc   0x080021dc   0x00000058   Code   RO         8759    i.prvInsertTimerInActiveList  timers.o
    0x08002234   0x08002234   0x0000001a   Code   RO         8054    i.prvIsQueueEmpty   queue.o
    0x0800224e   0x0800224e   0x0000006a   Code   RO         8393    i.prvListTasksWithinSingleList  tasks.o
    0x080022b8   0x080022b8   0x00000044   Code   RO         8760    i.prvProcessExpiredTimer  timers.o
    0x080022fc   0x080022fc   0x000000f8   Code   RO         8761    i.prvProcessReceivedCommands  timers.o
    0x080023f4   0x080023f4   0x00000074   Code   RO         8762    i.prvProcessTimerOrBlockTask  timers.o
    0x08002468   0x08002468   0x00000028   Code   RO         8763    i.prvReloadTimer    timers.o
    0x08002490   0x08002490   0x00000030   Code   RO         8394    i.prvResetNextTaskUnblockTime  tasks.o
    0x080024c0   0x080024c0   0x0000002c   Code   RO         8764    i.prvSampleTimeNow  timers.o
    0x080024ec   0x080024ec   0x00000044   Code   RO         8765    i.prvSwitchTimerLists  timers.o
    0x08002530   0x08002530   0x00000016   Code   RO         8395    i.prvTaskCheckFreeStackSpace  tasks.o
    0x08002546   0x08002546   0x00000016   Code   RO         8983    i.prvTaskExitError  port.o
    0x0800255c   0x0800255c   0x00000040   Code   RO         8396    i.prvTaskIsTaskSuspended  tasks.o
    0x0800259c   0x0800259c   0x0000001a   Code   RO         8766    i.prvTimerTask      timers.o
    0x080025b6   0x080025b6   0x0000007e   Code   RO         8056    i.prvUnlockQueue    queue.o
    0x08002634   0x08002634   0x0000002a   Code   RO         8397    i.prvWriteNameToBuffer  tasks.o
    0x0800265e   0x0800265e   0x00000002   PAD
    0x08002660   0x08002660   0x000000e4   Code   RO         8924    i.pvPortMalloc      heap_4.o
    0x08002744   0x08002744   0x00000024   Code   RO         8984    i.pxPortInitialiseStack  port.o
    0x08002768   0x08002768   0x00000028   Code   RO         8012    i.uxListRemove      list.o
    0x08002790   0x08002790   0x000000b0   Code   RO         8401    i.uxTaskGetSystemState  tasks.o
    0x08002840   0x08002840   0x00000018   Code   RO          400    i.vApplicationGetIdleTaskMemory  mytask.o
    0x08002858   0x08002858   0x00000018   Code   RO          401    i.vApplicationGetTimerTaskMemory  mytask.o
    0x08002870   0x08002870   0x0000001a   Code   RO         8013    i.vListInitialise   list.o
    0x0800288a   0x0800288a   0x00000006   Code   RO         8014    i.vListInitialiseItem  list.o
    0x08002890   0x08002890   0x00000034   Code   RO         8015    i.vListInsert       list.o
    0x080028c4   0x080028c4   0x00000018   Code   RO         8016    i.vListInsertEnd    list.o
    0x080028dc   0x080028dc   0x00000024   Code   RO         8986    i.vPortEnterCritical  port.o
    0x08002900   0x08002900   0x00000020   Code   RO         8987    i.vPortExitCritical  port.o
    0x08002920   0x08002920   0x0000004c   Code   RO         8925    i.vPortFree         heap_4.o
    0x0800296c   0x0800296c   0x00000018   Code   RO         8988    i.vPortSetupTimerInterrupt  port.o
    0x08002984   0x08002984   0x0000004a   Code   RO         8064    i.vQueueWaitForMessageRestricted  queue.o
    0x080029ce   0x080029ce   0x00000002   PAD
    0x080029d0   0x080029d0   0x00000034   Code   RO         8406    i.vTaskDelay        tasks.o
    0x08002a04   0x08002a04   0x00000080   Code   RO         8410    i.vTaskGetInfo      tasks.o
    0x08002a84   0x08002a84   0x00000018   Code   RO         8411    i.vTaskInternalSetTimeOutState  tasks.o
    0x08002a9c   0x08002a9c   0x000000dc   Code   RO         8412    i.vTaskList         tasks.o
    0x08002b78   0x08002b78   0x0000000c   Code   RO         8413    i.vTaskMissedYield  tasks.o
    0x08002b84   0x08002b84   0x00000020   Code   RO         8414    i.vTaskPlaceOnEventList  tasks.o
    0x08002ba4   0x08002ba4   0x0000004c   Code   RO         8415    i.vTaskPlaceOnEventListRestricted  tasks.o
    0x08002bf0   0x08002bf0   0x000000ac   Code   RO         8419    i.vTaskResume       tasks.o
    0x08002c9c   0x08002c9c   0x0000009c   Code   RO         8422    i.vTaskStartScheduler  tasks.o
    0x08002d38   0x08002d38   0x000000d8   Code   RO         8423    i.vTaskSuspend      tasks.o
    0x08002e10   0x08002e10   0x00000010   Code   RO         8424    i.vTaskSuspendAll   tasks.o
    0x08002e20   0x08002e20   0x00000060   Code   RO         8425    i.vTaskSwitchContext  tasks.o
    0x08002e80   0x08002e80   0x00000034   Code   RO         8989    i.xPortStartScheduler  port.o
    0x08002eb4   0x08002eb4   0x00000034   Code   RO         8990    i.xPortSysTickHandler  port.o
    0x08002ee8   0x08002ee8   0x0000003e   Code   RO         8066    i.xQueueGenericCreateStatic  queue.o
    0x08002f26   0x08002f26   0x00000002   PAD
    0x08002f28   0x08002f28   0x000000a0   Code   RO         8067    i.xQueueGenericReset  queue.o
    0x08002fc8   0x08002fc8   0x00000104   Code   RO         8075    i.xQueueReceive     queue.o
    0x080030cc   0x080030cc   0x00000060   Code   RO         8427    i.xTaskCheckForTimeOut  tasks.o
    0x0800312c   0x0800312c   0x00000056   Code   RO         8429    i.xTaskCreateStatic  tasks.o
    0x08003182   0x08003182   0x00000002   PAD
    0x08003184   0x08003184   0x00000020   Code   RO         8436    i.xTaskGetSchedulerState  tasks.o
    0x080031a4   0x080031a4   0x0000000c   Code   RO         8437    i.xTaskGetTickCount  tasks.o
    0x080031b0   0x080031b0   0x00000190   Code   RO         8439    i.xTaskIncrementTick  tasks.o
    0x08003340   0x08003340   0x00000108   Code   RO         8440    i.xTaskRemoveFromEventList  tasks.o
    0x08003448   0x08003448   0x0000015c   Code   RO         8441    i.xTaskResumeAll    tasks.o
    0x080035a4   0x080035a4   0x00000060   Code   RO         8775    i.xTimerCreateTimerTask  timers.o
    0x08003604   0x08003604   0x00000018   Data   RO          358    .constdata          system_stm32f1xx.o
    0x0800361c   0x0800361c   0x000005f0   Data   RO         7792    .constdata          oled.o
    0x08003c0c   0x08003c0c   0x00000020   Data   RO         9369    Region$$Table       anon$$obj.o


    Execution Region ER_RW (Exec base: 0x20000000, Load base: 0x08003c2c, Size: 0x00000094, Max: 0xffffffff, ABSOLUTE)

    Exec Addr    Load Addr    Size         Type   Attr      Idx    E Section Name        Object

    0x20000000   0x08003c2c   0x00000004   Data   RW          359    .data               system_stm32f1xx.o
    0x20000004   0x08003c30   0x0000000c   Data   RW          403    .data               mytask.o
    0x20000010   0x08003c3c   0x00000009   Data   RW          554    .data               stm32f1xx_hal.o
    0x20000019   0x08003c45   0x00000003   PAD
    0x2000001c   0x08003c48   0x00000040   Data   RW         8444    .data               tasks.o
    0x2000005c   0x08003c88   0x00000014   Data   RW         8783    .data               timers.o
    0x20000070   0x08003c9c   0x0000001c   Data   RW         8931    .data               heap_4.o
    0x2000008c   0x08003cb8   0x00000004   Data   RW         8991    .data               port.o
    0x20000090   0x08003cbc   0x00000004   Data   RW         9345    .data               mc_w.l(stdout.o)


    Execution Region ER_ZI (Exec base: 0x20000094, Load base: 0x08003cc0, Size: 0x0000a79c, Max: 0xffffffff, ABSOLUTE)

    Exec Addr    Load Addr    Size         Type   Attr      Idx    E Section Name        Object

    0x20000094        -       0x000011a4   Zero   RW          402    .bss                mytask.o
    0x20001238        -       0x00000040   Zero   RW          469    .bss                usart.o
    0x20001278        -       0x000000c8   Zero   RW         8443    .bss                tasks.o
    0x20001340        -       0x000000f0   Zero   RW         8782    .bss                timers.o
    0x20001430        -       0x00009000   Zero   RW         8930    .bss                heap_4.o
    0x2000a430        -       0x00000400   Zero   RW          519    STACK               startup_stm32f103xe.o


==============================================================================

Image component sizes


      Code (inc. data)   RO Data    RW Data    ZI Data      Debug   Object Name

         0          0          0          0          0      24484   event_groups.o
       520         58          0         28      36864       4747   heap_4.o
       224         16          0          0          0       2427   key.o
       216         20          0          0          0       1875   led.o
       148          0          0          0          0      13186   list.o
       162         14          0          0          0     477728   main.o
       410        188          0         12       4516       4561   mytask.o
       746         26       1520          0          0       7143   oled.o
       404         48          0          4          0       9152   port.o
       792          8          0          0          0      10718   queue.o
        36          8        304          0       1024        780   startup_stm32f103xe.o
       128         24          0          9          0       5399   stm32f1xx_hal.o
       304         22          0          0          0      29187   stm32f1xx_hal_cortex.o
       860         40          0          0          0       3355   stm32f1xx_hal_gpio.o
         2          0          0          0          0        426   stm32f1xx_hal_msp.o
      1784        110          0          0          0       5944   stm32f1xx_hal_rcc.o
       852          4          0          0          0       3580   stm32f1xx_hal_uart.o
        36          0          0          0          0       3035   stm32f1xx_it.o
        88         18         24          4          0       1247   system_stm32f1xx.o
      3856        462          0         64        200      48499   tasks.o
       926        110          0         20        240      13512   timers.o
       242         30          0          0         64       3958   usart.o

    ----------------------------------------------------------------------
     12760       1206       1880        144      42908     674943   Object Totals
         0          0         32          0          0          0   (incl. Generated)
        24          0          0          3          0          0   (incl. Padding)

    ----------------------------------------------------------------------

      Code (inc. data)   RO Data    RW Data    ZI Data      Debug   Library Member Name

         0          0          0          0          0          0   entry.o
         0          0          0          0          0          0   entry10a.o
         0          0          0          0          0          0   entry11a.o
         4          0          0          0          0          0   entry12b.o
         8          4          0          0          0          0   entry2.o
         4          0          0          0          0          0   entry5.o
         0          0          0          0          0          0   entry7b.o
         0          0          0          0          0          0   entry8b.o
         8          4          0          0          0          0   entry9a.o
        30          0          0          0          0          0   handlers.o
        36          8          0          0          0         68   init.o
        36          0          0          0          0         68   memcpya.o
        36          0          0          0          0        108   memseta.o
       522         20          0          0          0        336   printf3.o
         0          0          0          4          0          0   stdout.o
        18          0          0          0          0         68   strcpy.o
        14          0          0          0          0         68   strlen.o
        44          0          0          0          0         80   uidiv.o

    ----------------------------------------------------------------------
       764         36          0          4          0        796   Library Totals
         4          0          0          0          0          0   (incl. Padding)

    ----------------------------------------------------------------------

      Code (inc. data)   RO Data    RW Data    ZI Data      Debug   Library Name

       760         36          0          4          0        796   mc_w.l

    ----------------------------------------------------------------------
       764         36          0          4          0        796   Library Totals

    ----------------------------------------------------------------------

==============================================================================


      Code (inc. data)   RO Data    RW Data    ZI Data      Debug   

     13524       1242       1880        148      42908     669027   Grand Totals
     13524       1242       1880        148      42908     669027   ELF Image Totals
     13524       1242       1880        148          0          0   ROM Totals

==============================================================================

    Total RO  Size (Code + RO Data)                15404 (  15.04kB)
    Total RW  Size (RW Data + ZI Data)             43056 (  42.05kB)
    Total ROM Size (Code + RO Data + RW Data)      15552 (  15.19kB)

==============================================================================

